============================= test session starts =============================
platform win32 -- Python 3.14.2, pytest-9.1.1, pluggy-1.6.0 -- C:\Users\aksha\AppData\Local\Programs\Python\Python314\python.exe
cachedir: .pytest_cache
rootdir: C:\Users\aksha\Desktop\CivicTrace-Akshat\apps\api
configfile: pyproject.toml
plugins: anyio-4.12.0, asyncio-1.4.0, cov-7.1.0
asyncio: mode=Mode.AUTO, debug=False, asyncio_default_fixture_loop_scope=None, asyncio_default_test_loop_scope=function
collecting ... collected 1 item

apps\api\tests\test_evidence_upload.py::test_successful_evidence_upload ERROR [100%]

=================================== ERRORS ====================================
______________ ERROR at setup of test_successful_evidence_upload ______________
apps\api\tests\test_evidence_upload.py:25: in active_incident
    res = await async_client.post(
..\..\AppData\Local\Programs\Python\Python314\Lib\site-packages\httpx\_client.py:1859: in post
    return await self.request(
..\..\AppData\Local\Programs\Python\Python314\Lib\site-packages\httpx\_client.py:1540: in request
    return await self.send(request, auth=auth, follow_redirects=follow_redirects)
           ^^^^^^^^^^^^^^^^^^^^^^^^^^^^^^^^^^^^^^^^^^^^^^^^^^^^^^^^^^^^^^^^^^^^^^
..\..\AppData\Local\Programs\Python\Python314\Lib\site-packages\httpx\_client.py:1629: in send
    response = await self._send_handling_auth(
..\..\AppData\Local\Programs\Python\Python314\Lib\site-packages\httpx\_client.py:1657: in _send_handling_auth
    response = await self._send_handling_redirects(
..\..\AppData\Local\Programs\Python\Python314\Lib\site-packages\httpx\_client.py:1694: in _send_handling_redirects
    response = await self._send_single_request(request)
               ^^^^^^^^^^^^^^^^^^^^^^^^^^^^^^^^^^^^^^^^
..\..\AppData\Local\Programs\Python\Python314\Lib\site-packages\httpx\_client.py:1730: in _send_single_request
    response = await transport.handle_async_request(request)
               ^^^^^^^^^^^^^^^^^^^^^^^^^^^^^^^^^^^^^^^^^^^^^
..\..\AppData\Local\Programs\Python\Python314\Lib\site-packages\httpx\_transports\asgi.py:170: in handle_async_request
    await self.app(scope, receive, send)
..\..\AppData\Local\Programs\Python\Python314\Lib\site-packages\fastapi\applications.py:1135: in __call__
    await super().__call__(scope, receive, send)
..\..\AppData\Local\Programs\Python\Python314\Lib\site-packages\starlette\applications.py:107: in __call__
    await self.middleware_stack(scope, receive, send)
..\..\AppData\Local\Programs\Python\Python314\Lib\site-packages\starlette\middleware\errors.py:186: in __call__
    raise exc
..\..\AppData\Local\Programs\Python\Python314\Lib\site-packages\starlette\middleware\errors.py:164: in __call__
    await self.app(scope, receive, _send)
..\..\AppData\Local\Programs\Python\Python314\Lib\site-packages\starlette\middleware\cors.py:85: in __call__
    await self.app(scope, receive, send)
..\..\AppData\Local\Programs\Python\Python314\Lib\site-packages\starlette\middleware\exceptions.py:63: in __call__
    await wrap_app_handling_exceptions(self.app, conn)(scope, receive, send)
..\..\AppData\Local\Programs\Python\Python314\Lib\site-packages\starlette\_exception_handler.py:53: in wrapped_app
    raise exc
..\..\AppData\Local\Programs\Python\Python314\Lib\site-packages\starlette\_exception_handler.py:42: in wrapped_app
    await app(scope, receive, sender)
..\..\AppData\Local\Programs\Python\Python314\Lib\site-packages\fastapi\middleware\asyncexitstack.py:18: in __call__
    await self.app(scope, receive, send)
..\..\AppData\Local\Programs\Python\Python314\Lib\site-packages\starlette\routing.py:716: in __call__
    await self.middleware_stack(scope, receive, send)
..\..\AppData\Local\Programs\Python\Python314\Lib\site-packages\starlette\routing.py:736: in app
    await route.handle(scope, receive, send)
..\..\AppData\Local\Programs\Python\Python314\Lib\site-packages\starlette\routing.py:290: in handle
    await self.app(scope, receive, send)
..\..\AppData\Local\Programs\Python\Python314\Lib\site-packages\fastapi\routing.py:115: in app
    await wrap_app_handling_exceptions(app, request)(scope, receive, send)
..\..\AppData\Local\Programs\Python\Python314\Lib\site-packages\starlette\_exception_handler.py:53: in wrapped_app
    raise exc
..\..\AppData\Local\Programs\Python\Python314\Lib\site-packages\starlette\_exception_handler.py:42: in wrapped_app
    await app(scope, receive, sender)
..\..\AppData\Local\Programs\Python\Python314\Lib\site-packages\fastapi\routing.py:101: in app
    response = await f(request)
               ^^^^^^^^^^^^^^^^
..\..\AppData\Local\Programs\Python\Python314\Lib\site-packages\fastapi\routing.py:355: in app
    raw_response = await run_endpoint_function(
..\..\AppData\Local\Programs\Python\Python314\Lib\site-packages\fastapi\routing.py:243: in run_endpoint_function
    return await dependant.call(**values)
           ^^^^^^^^^^^^^^^^^^^^^^^^^^^^^^
apps\api\app\api\routes\incidents.py:39: in create_incident
    return await service.create_incident(data)
           ^^^^^^^^^^^^^^^^^^^^^^^^^^^^^^^^^^^
apps\api\app\services\incident_service.py:74: in create_incident
    await self.process_incident_workflow(incident.id)
apps\api\app\services\incident_service.py:85: in process_incident_workflow
    from app.services.priority_service import PriorityService
E   ModuleNotFoundError: No module named 'app.services.priority_service'
---------------------------- Captured stdout setup ----------------------------
2026-09-14 22:12:55 [error    ] unhandled_exception            method=POST path=/api/v1/incidents\n\u250c\u2500\u2500\u2500\u2500\u2500\u2500\u2500\u2500\u2500\u2500\u2500\u2500\u2500\u2500\u2500\u2500\u2500\u2500\u2500\u2500\u2500 Traceback (most recent call last) \u2500\u2500\u2500\u2500\u2500\u2500\u2500\u2500\u2500\u2500\u2500\u2500\u2500\u2500\u2500\u2500\u2500\u2500\u2500\u2500\u2500\u2510\n\u2502 C:\\Users\\aksha\\AppData\\Local\\Programs\\Python\\Python314\\Lib\\site-packages\\st \u2502\n\u2502 arlette\\middleware\\errors.py:164 in __call__                                \u2502\n\u2502                                                                             \u2502\n\u2502   161 \u2502   \u2502   \u2502   await send(message)                                       \u2502\n\u2502   162 \u2502   \u2502                                                                 \u2502\n\u2502   163 \u2502   \u2502   try:                                                          \u2502\n\u2502 > 164 \u2502   \u2502   \u2502   await self.app(scope, receive, _send)                     \u2502\n\u2502   165 \u2502   \u2502   except Exception as exc:                                      \u2502\n\u2502   166 \u2502   \u2502   \u2502   request = Request(scope)                                  \u2502\n\u2502   167 \u2502   \u2502   \u2502   if self.debug:                                            \u2502\n\u2502                                                                             \u2502\n\u2502 \u250c\u2500\u2500\u2500\u2500\u2500\u2500\u2500\u2500\u2500\u2500\u2500\u2500\u2500\u2500\u2500\u2500\u2500\u2500\u2500\u2500\u2500\u2500\u2500\u2500\u2500\u2500\u2500\u2500\u2500\u2500\u2500\u2500 locals \u2500\u2500\u2500\u2500\u2500\u2500\u2500\u2500\u2500\u2500\u2500\u2500\u2500\u2500\u2500\u2500\u2500\u2500\u2500\u2500\u2500\u2500\u2500\u2500\u2500\u2500\u2500\u2500\u2500\u2500\u2500\u2500\u2500\u2510 \u2502\n\u2502 \u2502              exc = ModuleNotFoundError("No module named                 \u2502 \u2502\n\u2502 \u2502                    'app.services.priority_service'")                    \u2502 \u2502\n\u2502 \u2502          request = <starlette.requests.Request object at                \u2502 \u2502\n\u2502 \u2502                    0x000002736E6007D0>                                  \u2502 \u2502\n\u2502 \u2502 response_started = False                                                \u2502 \u2502\n\u2502 \u2502            scope = {                                                    \u2502 \u2502\n\u2502 \u2502                    \u2502   'type': 'http',                                  \u2502 \u2502\n\u2502 \u2502                    \u2502   'asgi': {'version': '3.0'},                      \u2502 \u2502\n\u2502 \u2502                    \u2502   'http_version': '1.1',                           \u2502 \u2502\n\u2502 \u2502                    \u2502   'method': 'POST',                                \u2502 \u2502\n\u2502 \u2502                    \u2502   'headers': [                                     \u2502 \u2502\n\u2502 \u2502                    \u2502   \u2502   (b'host', b'testserver'),                    \u2502 \u2502\n\u2502 \u2502                    \u2502   \u2502   (b'accept', b'*/*'),                         \u2502 \u2502\n\u2502 \u2502                    \u2502   \u2502   (b'accept-encoding', b'gzip, deflate'),      \u2502 \u2502\n\u2502 \u2502                    \u2502   \u2502   (b'connection', b'keep-alive'),              \u2502 \u2502\n\u2502 \u2502                    \u2502   \u2502   (b'user-agent', b'python-httpx/0.28.1'),     \u2502 \u2502\n\u2502 \u2502                    \u2502   \u2502   (b'content-length', b'108'),                 \u2502 \u2502\n\u2502 \u2502                    \u2502   \u2502   (b'content-type', b'application/json')       \u2502 \u2502\n\u2502 \u2502                    \u2502   ],                                               \u2502 \u2502\n\u2502 \u2502                    \u2502   'scheme': 'http',                                \u2502 \u2502\n\u2502 \u2502                    \u2502   'path': '/api/v1/incidents',                     \u2502 \u2502\n\u2502 \u2502                    \u2502   'raw_path': b'/api/v1/incidents',                \u2502 \u2502\n\u2502 \u2502                    \u2502   'query_string': b'',                             \u2502 \u2502\n\u2502 \u2502                    \u2502   'server': ('testserver', None),                  \u2502 \u2502\n\u2502 \u2502                    \u2502   ... +11                                          \u2502 \u2502\n\u2502 \u2502                    }                                                    \u2502 \u2502\n\u2502 \u2502             self = <starlette.middleware.errors.ServerErrorMiddleware   \u2502 \u2502\n\u2502 \u2502                    object at 0x000002736E5B3770>                        \u2502 \u2502\n\u2502 \u2514\u2500\u2500\u2500\u2500\u2500\u2500\u2500\u2500\u2500\u2500\u2500\u2500\u2500\u2500\u2500\u2500\u2500\u2500\u2500\u2500\u2500\u2500\u2500\u2500\u2500\u2500\u2500\u2500\u2500\u2500\u2500\u2500\u2500\u2500\u2500\u2500\u2500\u2500\u2500\u2500\u2500\u2500\u2500\u2500\u2500\u2500\u2500\u2500\u2500\u2500\u2500\u2500\u2500\u2500\u2500\u2500\u2500\u2500\u2500\u2500\u2500\u2500\u2500\u2500\u2500\u2500\u2500\u2500\u2500\u2500\u2500\u2500\u2500\u2518 \u2502\n\u2502                                                                             \u2502\n\u2502 C:\\Users\\aksha\\AppData\\Local\\Programs\\Python\\Python314\\Lib\\site-packages\\st \u2502\n\u2502 arlette\\middleware\\cors.py:85 in __call__                                   \u2502\n\u2502                                                                             \u2502\n\u2502    82 \u2502   \u2502   origin = headers.get("origin")                                \u2502\n\u2502    83 \u2502   \u2502                                                                 \u2502\n\u2502    84 \u2502   \u2502   if origin is None:                                            \u2502\n\u2502 >  85 \u2502   \u2502   \u2502   await self.app(scope, receive, send)                      \u2502\n\u2502    86 \u2502   \u2502   \u2502   return                                                    \u2502\n\u2502    87 \u2502   \u2502                                                                 \u2502\n\u2502    88 \u2502   \u2502   if method == "OPTIONS" and "access-control-request-method" in \u2502\n\u2502                                                                             \u2502\n\u2502 \u250c\u2500\u2500\u2500\u2500\u2500\u2500\u2500\u2500\u2500\u2500\u2500\u2500\u2500\u2500\u2500\u2500\u2500\u2500\u2500\u2500\u2500\u2500\u2500\u2500\u2500\u2500\u2500\u2500\u2500\u2500\u2500\u2500 locals \u2500\u2500\u2500\u2500\u2500\u2500\u2500\u2500\u2500\u2500\u2500\u2500\u2500\u2500\u2500\u2500\u2500\u2500\u2500\u2500\u2500\u2500\u2500\u2500\u2500\u2500\u2500\u2500\u2500\u2500\u2500\u2500\u2500\u2510 \u2502\n\u2502 \u2502 headers = Headers({'host': 'testserver', 'accept': '*/*',               \u2502 \u2502\n\u2502 \u2502           'accept-encoding': 'gzip, deflate', 'connection':             \u2502 \u2502\n\u2502 \u2502           'keep-alive', 'user-agent': 'python-httpx/0.28.1',            \u2502 \u2502\n\u2502 \u2502           'content-length': '108', 'content-type': 'application/json'}) \u2502 \u2502\n\u2502 \u2502  method = 'POST'                                                        \u2502 \u2502\n\u2502 \u2502  origin = None                                                          \u2502 \u2502\n\u2502 \u2502   scope = {                                                             \u2502 \u2502\n\u2502 \u2502           \u2502   'type': 'http',                                           \u2502 \u2502\n\u2502 \u2502           \u2502   'asgi': {'version': '3.0'},                               \u2502 \u2502\n\u2502 \u2502           \u2502   'http_version': '1.1',                                    \u2502 \u2502\n\u2502 \u2502           \u2502   'method': 'POST',                                         \u2502 \u2502\n\u2502 \u2502           \u2502   'headers': [                                              \u2502 \u2502\n\u2502 \u2502           \u2502   \u2502   (b'host', b'testserver'),                             \u2502 \u2502\n\u2502 \u2502           \u2502   \u2502   (b'accept', b'*/*'),                                  \u2502 \u2502\n\u2502 \u2502           \u2502   \u2502   (b'accept-encoding', b'gzip, deflate'),               \u2502 \u2502\n\u2502 \u2502           \u2502   \u2502   (b'connection', b'keep-alive'),                       \u2502 \u2502\n\u2502 \u2502           \u2502   \u2502   (b'user-agent', b'python-httpx/0.28.1'),              \u2502 \u2502\n\u2502 \u2502           \u2502   \u2502   (b'content-length', b'108'),                          \u2502 \u2502\n\u2502 \u2502           \u2502   \u2502   (b'content-type', b'application/json')                \u2502 \u2502\n\u2502 \u2502           \u2502   ],                                                        \u2502 \u2502\n\u2502 \u2502           \u2502   'scheme': 'http',                                         \u2502 \u2502\n\u2502 \u2502           \u2502   'path': '/api/v1/incidents',                              \u2502 \u2502\n\u2502 \u2502           \u2502   'raw_path': b'/api/v1/incidents',                         \u2502 \u2502\n\u2502 \u2502           \u2502   'query_string': b'',                                      \u2502 \u2502\n\u2502 \u2502           \u2502   'server': ('testserver', None),                           \u2502 \u2502\n\u2502 \u2502           \u2502   ... +11                                                   \u2502 \u2502\n\u2502 \u2502           }                                                             \u2502 \u2502\n\u2502 \u2502    self = <starlette.middleware.cors.CORSMiddleware object at           \u2502 \u2502\n\u2502 \u2502           0x000002736E5B3620>                                           \u2502 \u2502\n\u2502 \u2514\u2500\u2500\u2500\u2500\u2500\u2500\u2500\u2500\u2500\u2500\u2500\u2500\u2500\u2500\u2500\u2500\u2500\u2500\u2500\u2500\u2500\u2500\u2500\u2500\u2500\u2500\u2500\u2500\u2500\u2500\u2500\u2500\u2500\u2500\u2500\u2500\u2500\u2500\u2500\u2500\u2500\u2500\u2500\u2500\u2500\u2500\u2500\u2500\u2500\u2500\u2500\u2500\u2500\u2500\u2500\u2500\u2500\u2500\u2500\u2500\u2500\u2500\u2500\u2500\u2500\u2500\u2500\u2500\u2500\u2500\u2500\u2500\u2500\u2518 \u2502\n\u2502                                                                             \u2502\n\u2502 C:\\Users\\aksha\\AppData\\Local\\Programs\\Python\\Python314\\Lib\\site-packages\\st \u2502\n\u2502 arlette\\middleware\\exceptions.py:63 in __call__                             \u2502\n\u2502                                                                             \u2502\n\u2502   60 \u2502   \u2502   else:                                                          \u2502\n\u2502   61 \u2502   \u2502   \u2502   conn = WebSocket(scope, receive, send)                     \u2502\n\u2502   62 \u2502   \u2502                                                                  \u2502\n\u2502 > 63 \u2502   \u2502   await wrap_app_handling_exceptions(self.app, conn)(scope, rece \u2502\n\u2502   64 \u2502                                                                      \u2502\n\u2502   65 \u2502   async def http_exception(self, request: Request, exc: Exception) - \u2502\n\u2502   66 \u2502   \u2502   assert isinstance(exc, HTTPException)                          \u2502\n\u2502                                                                             \u2502\n\u2502 \u250c\u2500\u2500\u2500\u2500\u2500\u2500\u2500\u2500\u2500\u2500\u2500\u2500\u2500\u2500\u2500\u2500\u2500\u2500\u2500\u2500\u2500\u2500\u2500\u2500\u2500\u2500\u2500\u2500\u2500\u2500\u2500\u2500 locals \u2500\u2500\u2500\u2500\u2500\u2500\u2500\u2500\u2500\u2500\u2500\u2500\u2500\u2500\u2500\u2500\u2500\u2500\u2500\u2500\u2500\u2500\u2500\u2500\u2500\u2500\u2500\u2500\u2500\u2500\u2500\u2500\u2500\u2510 \u2502\n\u2502 \u2502  conn = <starlette.requests.Request object at 0x000002736E5B3A10>       \u2502 \u2502\n\u2502 \u2502 scope = {                                                               \u2502 \u2502\n\u2502 \u2502         \u2502   'type': 'http',                                             \u2502 \u2502\n\u2502 \u2502         \u2502   'asgi': {'version': '3.0'},                                 \u2502 \u2502\n\u2502 \u2502         \u2502   'http_version': '1.1',                                      \u2502 \u2502\n\u2502 \u2502         \u2502   'method': 'POST',                                           \u2502 \u2502\n\u2502 \u2502         \u2502   'headers': [                                                \u2502 \u2502\n\u2502 \u2502         \u2502   \u2502   (b'host', b'testserver'),                               \u2502 \u2502\n\u2502 \u2502         \u2502   \u2502   (b'accept', b'*/*'),                                    \u2502 \u2502\n\u2502 \u2502         \u2502   \u2502   (b'accept-encoding', b'gzip, deflate'),                 \u2502 \u2502\n\u2502 \u2502         \u2502   \u2502   (b'connection', b'keep-alive'),                         \u2502 \u2502\n\u2502 \u2502         \u2502   \u2502   (b'user-agent', b'python-httpx/0.28.1'),                \u2502 \u2502\n\u2502 \u2502         \u2502   \u2502   (b'content-length', b'108'),                            \u2502 \u2502\n\u2502 \u2502         \u2502   \u2502   (b'content-type', b'application/json')                  \u2502 \u2502\n\u2502 \u2502         \u2502   ],                                                          \u2502 \u2502\n\u2502 \u2502         \u2502   'scheme': 'http',                                           \u2502 \u2502\n\u2502 \u2502         \u2502   'path': '/api/v1/incidents',                                \u2502 \u2502\n\u2502 \u2502         \u2502   'raw_path': b'/api/v1/incidents',                           \u2502 \u2502\n\u2502 \u2502         \u2502   'query_string': b'',                                        \u2502 \u2502\n\u2502 \u2502         \u2502   'server': ('testserver', None),                             \u2502 \u2502\n\u2502 \u2502         \u2502   ... +11                                                     \u2502 \u2502\n\u2502 \u2502         }                                                               \u2502 \u2502\n\u2502 \u2502  self = <starlette.middleware.exceptions.ExceptionMiddleware object at  \u2502 \u2502\n\u2502 \u2502         0x000002736E5B34D0>                                             \u2502 \u2502\n\u2502 \u2514\u2500\u2500\u2500\u2500\u2500\u2500\u2500\u2500\u2500\u2500\u2500\u2500\u2500\u2500\u2500\u2500\u2500\u2500\u2500\u2500\u2500\u2500\u2500\u2500\u2500\u2500\u2500\u2500\u2500\u2500\u2500\u2500\u2500\u2500\u2500\u2500\u2500\u2500\u2500\u2500\u2500\u2500\u2500\u2500\u2500\u2500\u2500\u2500\u2500\u2500\u2500\u2500\u2500\u2500\u2500\u2500\u2500\u2500\u2500\u2500\u2500\u2500\u2500\u2500\u2500\u2500\u2500\u2500\u2500\u2500\u2500\u2500\u2500\u2518 \u2502\n\u2502                                                                             \u2502\n\u2502 C:\\Users\\aksha\\AppData\\Local\\Programs\\Python\\Python314\\Lib\\site-packages\\st \u2502\n\u2502 arlette\\_exception_handler.py:53 in wrapped_app                             \u2502\n\u2502                                                                             \u2502\n\u2502   50 \u2502   \u2502   \u2502   \u2502   handler = _lookup_exception_handler(exception_handlers \u2502\n\u2502   51 \u2502   \u2502   \u2502                                                              \u2502\n\u2502   52 \u2502   \u2502   \u2502   if handler is None:                                        \u2502\n\u2502 > 53 \u2502   \u2502   \u2502   \u2502   raise exc                                              \u2502\n\u2502   54 \u2502   \u2502   \u2502                                                              \u2502\n\u2502   55 \u2502   \u2502   \u2502   if response_started:                                       \u2502\n\u2502   56 \u2502   \u2502   \u2502   \u2502   raise RuntimeError("Caught handled exception, but resp \u2502\n\u2502      started.") from exc                                                    \u2502\n\u2502                                                                             \u2502\n\u2502 \u250c\u2500\u2500\u2500\u2500\u2500\u2500\u2500\u2500\u2500\u2500\u2500\u2500\u2500\u2500\u2500\u2500\u2500\u2500\u2500\u2500\u2500\u2500\u2500\u2500\u2500\u2500\u2500\u2500\u2500\u2500\u2500\u2500 locals \u2500\u2500\u2500\u2500\u2500\u2500\u2500\u2500\u2500\u2500\u2500\u2500\u2500\u2500\u2500\u2500\u2500\u2500\u2500\u2500\u2500\u2500\u2500\u2500\u2500\u2500\u2500\u2500\u2500\u2500\u2500\u2500\u2500\u2510 \u2502\n\u2502 \u2502                app = <fastapi.middleware.asyncexitstack.AsyncExitStack\u2026 \u2502 \u2502\n\u2502 \u2502                      object at 0x000002736E5B3380>                      \u2502 \u2502\n\u2502 \u2502               conn = <starlette.requests.Request object at              \u2502 \u2502\n\u2502 \u2502                      0x000002736E5B3A10>                                \u2502 \u2502\n\u2502 \u2502 exception_handlers = {                                                  \u2502 \u2502\n\u2502 \u2502                      \u2502   <class 'starlette.exceptions.HTTPException'>:  \u2502 \u2502\n\u2502 \u2502                      <function http_exception_handler at                \u2502 \u2502\n\u2502 \u2502                      0x000002735B057D70>,                               \u2502 \u2502\n\u2502 \u2502                      \u2502   <class                                         \u2502 \u2502\n\u2502 \u2502                      'starlette.exceptions.WebSocketException'>: <bound \u2502 \u2502\n\u2502 \u2502                      method ExceptionMiddleware.websocket_exception of  \u2502 \u2502\n\u2502 \u2502                      <starlette.middleware.exceptions.ExceptionMiddlew\u2026 \u2502 \u2502\n\u2502 \u2502                      object at 0x000002736E5B34D0>>,                    \u2502 \u2502\n\u2502 \u2502                      \u2502   <class                                         \u2502 \u2502\n\u2502 \u2502                      'fastapi.exceptions.RequestValidationError'>:      \u2502 \u2502\n\u2502 \u2502                      <function validation_exception_handler at          \u2502 \u2502\n\u2502 \u2502                      0x000002735B09BA00>,                               \u2502 \u2502\n\u2502 \u2502                      \u2502   <class                                         \u2502 \u2502\n\u2502 \u2502                      'fastapi.exceptions.WebSocketRequestValidationErr\u2026 \u2502 \u2502\n\u2502 \u2502                      <function                                          \u2502 \u2502\n\u2502 \u2502                      websocket_request_validation_exception_handler at  \u2502 \u2502\n\u2502 \u2502                      0x000002735B05C0F0>,                               \u2502 \u2502\n\u2502 \u2502                      \u2502   <class 'app.core.errors.CivicTraceError'>:     \u2502 \u2502\n\u2502 \u2502                      <function civictrace_exception_handler at          \u2502 \u2502\n\u2502 \u2502                      0x000002735B09B8A0>                                \u2502 \u2502\n\u2502 \u2502                      }                                                  \u2502 \u2502\n\u2502 \u2502            handler = None                                               \u2502 \u2502\n\u2502 \u2502   response_started = False                                              \u2502 \u2502\n\u2502 \u2502              scope = {                                                  \u2502 \u2502\n\u2502 \u2502                      \u2502   'type': 'http',                                \u2502 \u2502\n\u2502 \u2502                      \u2502   'asgi': {'version': '3.0'},                    \u2502 \u2502\n\u2502 \u2502                      \u2502   'http_version': '1.1',                         \u2502 \u2502\n\u2502 \u2502                      \u2502   'method': 'POST',                              \u2502 \u2502\n\u2502 \u2502                      \u2502   'headers': [                                   \u2502 \u2502\n\u2502 \u2502                      \u2502   \u2502   (b'host', b'testserver'),                  \u2502 \u2502\n\u2502 \u2502                      \u2502   \u2502   (b'accept', b'*/*'),                       \u2502 \u2502\n\u2502 \u2502                      \u2502   \u2502   (b'accept-encoding', b'gzip, deflate'),    \u2502 \u2502\n\u2502 \u2502                      \u2502   \u2502   (b'connection', b'keep-alive'),            \u2502 \u2502\n\u2502 \u2502                      \u2502   \u2502   (b'user-agent', b'python-httpx/0.28.1'),   \u2502 \u2502\n\u2502 \u2502                      \u2502   \u2502   (b'content-length', b'108'),               \u2502 \u2502\n\u2502 \u2502                      \u2502   \u2502   (b'content-type', b'application/json')     \u2502 \u2502\n\u2502 \u2502                      \u2502   ],                                             \u2502 \u2502\n\u2502 \u2502                      \u2502   'scheme': 'http',                              \u2502 \u2502\n\u2502 \u2502                      \u2502   'path': '/api/v1/incidents',                   \u2502 \u2502\n\u2502 \u2502                      \u2502   'raw_path': b'/api/v1/incidents',              \u2502 \u2502\n\u2502 \u2502                      \u2502   'query_string': b'',                           \u2502 \u2502\n\u2502 \u2502                      \u2502   'server': ('testserver', None),                \u2502 \u2502\n\u2502 \u2502                      \u2502   ... +11                                        \u2502 \u2502\n\u2502 \u2502                      }                                                  \u2502 \u2502\n\u2502 \u2502    status_handlers = {}                                                 \u2502 \u2502\n\u2502 \u2514\u2500\u2500\u2500\u2500\u2500\u2500\u2500\u2500\u2500\u2500\u2500\u2500\u2500\u2500\u2500\u2500\u2500\u2500\u2500\u2500\u2500\u2500\u2500\u2500\u2500\u2500\u2500\u2500\u2500\u2500\u2500\u2500\u2500\u2500\u2500\u2500\u2500\u2500\u2500\u2500\u2500\u2500\u2500\u2500\u2500\u2500\u2500\u2500\u2500\u2500\u2500\u2500\u2500\u2500\u2500\u2500\u2500\u2500\u2500\u2500\u2500\u2500\u2500\u2500\u2500\u2500\u2500\u2500\u2500\u2500\u2500\u2500\u2500\u2518 \u2502\n\u2502                                                                             \u2502\n\u2502 C:\\Users\\aksha\\AppData\\Local\\Programs\\Python\\Python314\\Lib\\site-packages\\st \u2502\n\u2502 arlette\\_exception_handler.py:42 in wrapped_app                             \u2502\n\u2502                                                                             \u2502\n\u2502   39 \u2502   \u2502   \u2502   await send(message)                                        \u2502\n\u2502   40 \u2502   \u2502                                                                  \u2502\n\u2502   41 \u2502   \u2502   try:                                                           \u2502\n\u2502 > 42 \u2502   \u2502   \u2502   await app(scope, receive, sender)                          \u2502\n\u2502   43 \u2502   \u2502   except Exception as exc:                                       \u2502\n\u2502   44 \u2502   \u2502   \u2502   handler = None                                             \u2502\n\u2502   45                                                                        \u2502\n\u2502                                                                             \u2502\n\u2502 \u250c\u2500\u2500\u2500\u2500\u2500\u2500\u2500\u2500\u2500\u2500\u2500\u2500\u2500\u2500\u2500\u2500\u2500\u2500\u2500\u2500\u2500\u2500\u2500\u2500\u2500\u2500\u2500\u2500\u2500\u2500\u2500\u2500 locals \u2500\u2500\u2500\u2500\u2500\u2500\u2500\u2500\u2500\u2500\u2500\u2500\u2500\u2500\u2500\u2500\u2500\u2500\u2500\u2500\u2500\u2500\u2500\u2500\u2500\u2500\u2500\u2500\u2500\u2500\u2500\u2500\u2500\u2510 \u2502\n\u2502 \u2502                app = <fastapi.middleware.asyncexitstack.AsyncExitStack\u2026 \u2502 \u2502\n\u2502 \u2502                      object at 0x000002736E5B3380>                      \u2502 \u2502\n\u2502 \u2502               conn = <starlette.requests.Request object at              \u2502 \u2502\n\u2502 \u2502                      0x000002736E5B3A10>                                \u2502 \u2502\n\u2502 \u2502 exception_handlers = {                                                  \u2502 \u2502\n\u2502 \u2502                      \u2502   <class 'starlette.exceptions.HTTPException'>:  \u2502 \u2502\n\u2502 \u2502                      <function http_exception_handler at                \u2502 \u2502\n\u2502 \u2502                      0x000002735B057D70>,                               \u2502 \u2502\n\u2502 \u2502                      \u2502   <class                                         \u2502 \u2502\n\u2502 \u2502                      'starlette.exceptions.WebSocketException'>: <bound \u2502 \u2502\n\u2502 \u2502                      method ExceptionMiddleware.websocket_exception of  \u2502 \u2502\n\u2502 \u2502                      <starlette.middleware.exceptions.ExceptionMiddlew\u2026 \u2502 \u2502\n\u2502 \u2502                      object at 0x000002736E5B34D0>>,                    \u2502 \u2502\n\u2502 \u2502                      \u2502   <class                                         \u2502 \u2502\n\u2502 \u2502                      'fastapi.exceptions.RequestValidationError'>:      \u2502 \u2502\n\u2502 \u2502                      <function validation_exception_handler at          \u2502 \u2502\n\u2502 \u2502                      0x000002735B09BA00>,                               \u2502 \u2502\n\u2502 \u2502                      \u2502   <class                                         \u2502 \u2502\n\u2502 \u2502                      'fastapi.exceptions.WebSocketRequestValidationErr\u2026 \u2502 \u2502\n\u2502 \u2502                      <function                                          \u2502 \u2502\n\u2502 \u2502                      websocket_request_validation_exception_handler at  \u2502 \u2502\n\u2502 \u2502                      0x000002735B05C0F0>,                               \u2502 \u2502\n\u2502 \u2502                      \u2502   <class 'app.core.errors.CivicTraceError'>:     \u2502 \u2502\n\u2502 \u2502                      <function civictrace_exception_handler at          \u2502 \u2502\n\u2502 \u2502                      0x000002735B09B8A0>                                \u2502 \u2502\n\u2502 \u2502                      }                                                  \u2502 \u2502\n\u2502 \u2502            handler = None                                               \u2502 \u2502\n\u2502 \u2502   response_started = False                                              \u2502 \u2502\n\u2502 \u2502              scope = {                                                  \u2502 \u2502\n\u2502 \u2502                      \u2502   'type': 'http',                                \u2502 \u2502\n\u2502 \u2502                      \u2502   'asgi': {'version': '3.0'},                    \u2502 \u2502\n\u2502 \u2502                      \u2502   'http_version': '1.1',                         \u2502 \u2502\n\u2502 \u2502                      \u2502   'method': 'POST',                              \u2502 \u2502\n\u2502 \u2502                      \u2502   'headers': [                                   \u2502 \u2502\n\u2502 \u2502                      \u2502   \u2502   (b'host', b'testserver'),                  \u2502 \u2502\n\u2502 \u2502                      \u2502   \u2502   (b'accept', b'*/*'),                       \u2502 \u2502\n\u2502 \u2502                      \u2502   \u2502   (b'accept-encoding', b'gzip, deflate'),    \u2502 \u2502\n\u2502 \u2502                      \u2502   \u2502   (b'connection', b'keep-alive'),            \u2502 \u2502\n\u2502 \u2502                      \u2502   \u2502   (b'user-agent', b'python-httpx/0.28.1'),   \u2502 \u2502\n\u2502 \u2502                      \u2502   \u2502   (b'content-length', b'108'),               \u2502 \u2502\n\u2502 \u2502                      \u2502   \u2502   (b'content-type', b'application/json')     \u2502 \u2502\n\u2502 \u2502                      \u2502   ],                                             \u2502 \u2502\n\u2502 \u2502                      \u2502   'scheme': 'http',                              \u2502 \u2502\n\u2502 \u2502                      \u2502   'path': '/api/v1/incidents',                   \u2502 \u2502\n\u2502 \u2502                      \u2502   'raw_path': b'/api/v1/incidents',              \u2502 \u2502\n\u2502 \u2502                      \u2502   'query_string': b'',                           \u2502 \u2502\n\u2502 \u2502                      \u2502   'server': ('testserver', None),                \u2502 \u2502\n\u2502 \u2502                      \u2502   ... +11                                        \u2502 \u2502\n\u2502 \u2502                      }                                                  \u2502 \u2502\n\u2502 \u2502    status_handlers = {}                                                 \u2502 \u2502\n\u2502 \u2514\u2500\u2500\u2500\u2500\u2500\u2500\u2500\u2500\u2500\u2500\u2500\u2500\u2500\u2500\u2500\u2500\u2500\u2500\u2500\u2500\u2500\u2500\u2500\u2500\u2500\u2500\u2500\u2500\u2500\u2500\u2500\u2500\u2500\u2500\u2500\u2500\u2500\u2500\u2500\u2500\u2500\u2500\u2500\u2500\u2500\u2500\u2500\u2500\u2500\u2500\u2500\u2500\u2500\u2500\u2500\u2500\u2500\u2500\u2500\u2500\u2500\u2500\u2500\u2500\u2500\u2500\u2500\u2500\u2500\u2500\u2500\u2500\u2500\u2518 \u2502\n\u2502                                                                             \u2502\n\u2502 C:\\Users\\aksha\\AppData\\Local\\Programs\\Python\\Python314\\Lib\\site-packages\\fa \u2502\n\u2502 stapi\\middleware\\asyncexitstack.py:18 in __call__                           \u2502\n\u2502                                                                             \u2502\n\u2502   15 \u2502   async def __call__(self, scope: Scope, receive: Receive, send: Sen \u2502\n\u2502   16 \u2502   \u2502   async with AsyncExitStack() as stack:                          \u2502\n\u2502   17 \u2502   \u2502   \u2502   scope[self.context_name] = stack                           \u2502\n\u2502 > 18 \u2502   \u2502   \u2502   await self.app(scope, receive, send)                       \u2502\n\u2502   19                                                                        \u2502\n\u2502                                                                             \u2502\n\u2502 \u250c\u2500\u2500\u2500\u2500\u2500\u2500\u2500\u2500\u2500\u2500\u2500\u2500\u2500\u2500\u2500\u2500\u2500\u2500\u2500\u2500\u2500\u2500\u2500\u2500\u2500\u2500\u2500\u2500\u2500\u2500\u2500\u2500 locals \u2500\u2500\u2500\u2500\u2500\u2500\u2500\u2500\u2500\u2500\u2500\u2500\u2500\u2500\u2500\u2500\u2500\u2500\u2500\u2500\u2500\u2500\u2500\u2500\u2500\u2500\u2500\u2500\u2500\u2500\u2500\u2500\u2500\u2510 \u2502\n\u2502 \u2502 scope = {                                                               \u2502 \u2502\n\u2502 \u2502         \u2502   'type': 'http',                                             \u2502 \u2502\n\u2502 \u2502         \u2502   'asgi': {'version': '3.0'},                                 \u2502 \u2502\n\u2502 \u2502         \u2502   'http_version': '1.1',                                      \u2502 \u2502\n\u2502 \u2502         \u2502   'method': 'POST',                                           \u2502 \u2502\n\u2502 \u2502         \u2502   'headers': [                                                \u2502 \u2502\n\u2502 \u2502         \u2502   \u2502   (b'host', b'testserver'),                               \u2502 \u2502\n\u2502 \u2502         \u2502   \u2502   (b'accept', b'*/*'),                                    \u2502 \u2502\n\u2502 \u2502         \u2502   \u2502   (b'accept-encoding', b'gzip, deflate'),                 \u2502 \u2502\n\u2502 \u2502         \u2502   \u2502   (b'connection', b'keep-alive'),                         \u2502 \u2502\n\u2502 \u2502         \u2502   \u2502   (b'user-agent', b'python-httpx/0.28.1'),                \u2502 \u2502\n\u2502 \u2502         \u2502   \u2502   (b'content-length', b'108'),                            \u2502 \u2502\n\u2502 \u2502         \u2502   \u2502   (b'content-type', b'application/json')                  \u2502 \u2502\n\u2502 \u2502         \u2502   ],                                                          \u2502 \u2502\n\u2502 \u2502         \u2502   'scheme': 'http',                                           \u2502 \u2502\n\u2502 \u2502         \u2502   'path': '/api/v1/incidents',                                \u2502 \u2502\n\u2502 \u2502         \u2502   'raw_path': b'/api/v1/incidents',                           \u2502 \u2502\n\u2502 \u2502         \u2502   'query_string': b'',                                        \u2502 \u2502\n\u2502 \u2502         \u2502   'server': ('testserver', None),                             \u2502 \u2502\n\u2502 \u2502         \u2502   ... +11                                                     \u2502 \u2502\n\u2502 \u2502         }                                                               \u2502 \u2502\n\u2502 \u2502  self = <fastapi.middleware.asyncexitstack.AsyncExitStackMiddleware     \u2502 \u2502\n\u2502 \u2502         object at 0x000002736E5B3380>                                   \u2502 \u2502\n\u2502 \u2502 stack = <contextlib.AsyncExitStack object at 0x000002736E5B3B60>        \u2502 \u2502\n\u2502 \u2514\u2500\u2500\u2500\u2500\u2500\u2500\u2500\u2500\u2500\u2500\u2500\u2500\u2500\u2500\u2500\u2500\u2500\u2500\u2500\u2500\u2500\u2500\u2500\u2500\u2500\u2500\u2500\u2500\u2500\u2500\u2500\u2500\u2500\u2500\u2500\u2500\u2500\u2500\u2500\u2500\u2500\u2500\u2500\u2500\u2500\u2500\u2500\u2500\u2500\u2500\u2500\u2500\u2500\u2500\u2500\u2500\u2500\u2500\u2500\u2500\u2500\u2500\u2500\u2500\u2500\u2500\u2500\u2500\u2500\u2500\u2500\u2500\u2500\u2518 \u2502\n\u2502                                                                             \u2502\n\u2502 C:\\Users\\aksha\\AppData\\Local\\Programs\\Python\\Python314\\Lib\\site-packages\\st \u2502\n\u2502 arlette\\routing.py:716 in __call__                                          \u2502\n\u2502                                                                             \u2502\n\u2502   713 \u2502   \u2502   """                                                           \u2502\n\u2502   714 \u2502   \u2502   The main entry point to the Router class.                     \u2502\n\u2502   715 \u2502   \u2502   """                                                           \u2502\n\u2502 > 716 \u2502   \u2502   await self.middleware_stack(scope, receive, send)             \u2502\n\u2502   717 \u2502                                                                     \u2502\n\u2502   718 \u2502   async def app(self, scope: Scope, receive: Receive, send: Send) - \u2502\n\u2502   719 \u2502   \u2502   assert scope["type"] in ("http", "websocket", "lifespan")     \u2502\n\u2502                                                                             \u2502\n\u2502 \u250c\u2500\u2500\u2500\u2500\u2500\u2500\u2500\u2500\u2500\u2500\u2500\u2500\u2500\u2500\u2500\u2500\u2500\u2500\u2500\u2500\u2500\u2500\u2500\u2500\u2500\u2500\u2500\u2500\u2500 locals \u2500\u2500\u2500\u2500\u2500\u2500\u2500\u2500\u2500\u2500\u2500\u2500\u2500\u2500\u2500\u2500\u2500\u2500\u2500\u2500\u2500\u2500\u2500\u2500\u2500\u2500\u2500\u2500\u2500\u2510        \u2502\n\u2502 \u2502 scope = {                                                        \u2502        \u2502\n\u2502 \u2502         \u2502   'type': 'http',                                      \u2502        \u2502\n\u2502 \u2502         \u2502   'asgi': {'version': '3.0'},                          \u2502        \u2502\n\u2502 \u2502         \u2502   'http_version': '1.1',                               \u2502        \u2502\n\u2502 \u2502         \u2502   'method': 'POST',                                    \u2502        \u2502\n\u2502 \u2502         \u2502   'headers': [                                         \u2502        \u2502\n\u2502 \u2502         \u2502   \u2502   (b'host', b'testserver'),                        \u2502        \u2502\n\u2502 \u2502         \u2502   \u2502   (b'accept', b'*/*'),                             \u2502        \u2502\n\u2502 \u2502         \u2502   \u2502   (b'accept-encoding', b'gzip, deflate'),          \u2502        \u2502\n\u2502 \u2502         \u2502   \u2502   (b'connection', b'keep-alive'),                  \u2502        \u2502\n\u2502 \u2502         \u2502   \u2502   (b'user-agent', b'python-httpx/0.28.1'),         \u2502        \u2502\n\u2502 \u2502         \u2502   \u2502   (b'content-length', b'108'),                     \u2502        \u2502\n\u2502 \u2502         \u2502   \u2502   (b'content-type', b'application/json')           \u2502        \u2502\n\u2502 \u2502         \u2502   ],                                                   \u2502        \u2502\n\u2502 \u2502         \u2502   'scheme': 'http',                                    \u2502        \u2502\n\u2502 \u2502         \u2502   'path': '/api/v1/incidents',                         \u2502        \u2502\n\u2502 \u2502         \u2502   'raw_path': b'/api/v1/incidents',                    \u2502        \u2502\n\u2502 \u2502         \u2502   'query_string': b'',                                 \u2502        \u2502\n\u2502 \u2502         \u2502   'server': ('testserver', None),                      \u2502        \u2502\n\u2502 \u2502         \u2502   ... +11                                              \u2502        \u2502\n\u2502 \u2502         }                                                        \u2502        \u2502\n\u2502 \u2502  self = <fastapi.routing.APIRouter object at 0x000002736E16EB50> \u2502        \u2502\n\u2502 \u2514\u2500\u2500\u2500\u2500\u2500\u2500\u2500\u2500\u2500\u2500\u2500\u2500\u2500\u2500\u2500\u2500\u2500\u2500\u2500\u2500\u2500\u2500\u2500\u2500\u2500\u2500\u2500\u2500\u2500\u2500\u2500\u2500\u2500\u2500\u2500\u2500\u2500\u2500\u2500\u2500\u2500\u2500\u2500\u2500\u2500\u2500\u2500\u2500\u2500\u2500\u2500\u2500\u2500\u2500\u2500\u2500\u2500\u2500\u2500\u2500\u2500\u2500\u2500\u2500\u2500\u2500\u2518        \u2502\n\u2502                                                                             \u2502\n\u2502 C:\\Users\\aksha\\AppData\\Local\\Programs\\Python\\Python314\\Lib\\site-packages\\st \u2502\n\u2502 arlette\\routing.py:736 in app                                               \u2502\n\u2502                                                                             \u2502\n\u2502   733 \u2502   \u2502   \u2502   match, child_scope = route.matches(scope)                 \u2502\n\u2502   734 \u2502   \u2502   \u2502   if match == Match.FULL:                                   \u2502\n\u2502   735 \u2502   \u2502   \u2502   \u2502   scope.update(child_scope)                             \u2502\n\u2502 > 736 \u2502   \u2502   \u2502   \u2502   await route.handle(scope, receive, send)              \u2502\n\u2502   737 \u2502   \u2502   \u2502   \u2502   return                                                \u2502\n\u2502   738 \u2502   \u2502   \u2502   elif match == Match.PARTIAL and partial is None:          \u2502\n\u2502   739 \u2502   \u2502   \u2502   \u2502   partial = route                                       \u2502\n\u2502                                                                             \u2502\n\u2502 \u250c\u2500\u2500\u2500\u2500\u2500\u2500\u2500\u2500\u2500\u2500\u2500\u2500\u2500\u2500\u2500\u2500\u2500\u2500\u2500\u2500\u2500\u2500\u2500\u2500\u2500\u2500\u2500\u2500\u2500\u2500\u2500\u2500 locals \u2500\u2500\u2500\u2500\u2500\u2500\u2500\u2500\u2500\u2500\u2500\u2500\u2500\u2500\u2500\u2500\u2500\u2500\u2500\u2500\u2500\u2500\u2500\u2500\u2500\u2500\u2500\u2500\u2500\u2500\u2500\u2500\u2500\u2510 \u2502\n\u2502 \u2502 child_scope = {                                                         \u2502 \u2502\n\u2502 \u2502               \u2502   'endpoint': <function create_incident at              \u2502 \u2502\n\u2502 \u2502               0x000002736ADA3690>,                                      \u2502 \u2502\n\u2502 \u2502               \u2502   'path_params': {},                                    \u2502 \u2502\n\u2502 \u2502               \u2502   'route': APIRoute(path='/api/v1/incidents',           \u2502 \u2502\n\u2502 \u2502               name='create_incident', methods=['POST'])                 \u2502 \u2502\n\u2502 \u2502               }                                                         \u2502 \u2502\n\u2502 \u2502       match = <Match.FULL: 2>                                           \u2502 \u2502\n\u2502 \u2502     partial = None                                                      \u2502 \u2502\n\u2502 \u2502       route = APIRoute(path='/api/v1/incidents',                        \u2502 \u2502\n\u2502 \u2502               name='create_incident', methods=['POST'])                 \u2502 \u2502\n\u2502 \u2502       scope = {                                                         \u2502 \u2502\n\u2502 \u2502               \u2502   'type': 'http',                                       \u2502 \u2502\n\u2502 \u2502               \u2502   'asgi': {'version': '3.0'},                           \u2502 \u2502\n\u2502 \u2502               \u2502   'http_version': '1.1',                                \u2502 \u2502\n\u2502 \u2502               \u2502   'method': 'POST',                                     \u2502 \u2502\n\u2502 \u2502               \u2502   'headers': [                                          \u2502 \u2502\n\u2502 \u2502               \u2502   \u2502   (b'host', b'testserver'),                         \u2502 \u2502\n\u2502 \u2502               \u2502   \u2502   (b'accept', b'*/*'),                              \u2502 \u2502\n\u2502 \u2502               \u2502   \u2502   (b'accept-encoding', b'gzip, deflate'),           \u2502 \u2502\n\u2502 \u2502               \u2502   \u2502   (b'connection', b'keep-alive'),                   \u2502 \u2502\n\u2502 \u2502               \u2502   \u2502   (b'user-agent', b'python-httpx/0.28.1'),          \u2502 \u2502\n\u2502 \u2502               \u2502   \u2502   (b'content-length', b'108'),                      \u2502 \u2502\n\u2502 \u2502               \u2502   \u2502   (b'content-type', b'application/json')            \u2502 \u2502\n\u2502 \u2502               \u2502   ],                                                    \u2502 \u2502\n\u2502 \u2502               \u2502   'scheme': 'http',                                     \u2502 \u2502\n\u2502 \u2502               \u2502   'path': '/api/v1/incidents',                          \u2502 \u2502\n\u2502 \u2502               \u2502   'raw_path': b'/api/v1/incidents',                     \u2502 \u2502\n\u2502 \u2502               \u2502   'query_string': b'',                                  \u2502 \u2502\n\u2502 \u2502               \u2502   'server': ('testserver', None),                       \u2502 \u2502\n\u2502 \u2502               \u2502   ... +11                                               \u2502 \u2502\n\u2502 \u2502               }                                                         \u2502 \u2502\n\u2502 \u2502        self = <fastapi.routing.APIRouter object at 0x000002736E16EB50>  \u2502 \u2502\n\u2502 \u2514\u2500\u2500\u2500\u2500\u2500\u2500\u2500\u2500\u2500\u2500\u2500\u2500\u2500\u2500\u2500\u2500\u2500\u2500\u2500\u2500\u2500\u2500\u2500\u2500\u2500\u2500\u2500\u2500\u2500\u2500\u2500\u2500\u2500\u2500\u2500\u2500\u2500\u2500\u2500\u2500\u2500\u2500\u2500\u2500\u2500\u2500\u2500\u2500\u2500\u2500\u2500\u2500\u2500\u2500\u2500\u2500\u2500\u2500\u2500\u2500\u2500\u2500\u2500\u2500\u2500\u2500\u2500\u2500\u2500\u2500\u2500\u2500\u2500\u2518 \u2502\n\u2502                                                                             \u2502\n\u2502 C:\\Users\\aksha\\AppData\\Local\\Programs\\Python\\Python314\\Lib\\site-packages\\st \u2502\n\u2502 arlette\\routing.py:290 in handle                                            \u2502\n\u2502                                                                             \u2502\n\u2502   287 \u2502   \u2502   \u2502   \u2502   response = PlainTextResponse("Method Not Allowed", st \u2502\n\u2502       headers=headers)                                                      \u2502\n\u2502   288 \u2502   \u2502   \u2502   await response(scope, receive, send)                      \u2502\n\u2502   289 \u2502   \u2502   else:                                                         \u2502\n\u2502 > 290 \u2502   \u2502   \u2502   await self.app(scope, receive, send)                      \u2502\n\u2502   291 \u2502                                                                     \u2502\n\u2502   292 \u2502   def __eq__(self, other: Any) -> bool:                             \u2502\n\u2502   293 \u2502   \u2502   return (                                                      \u2502\n\u2502                                                                             \u2502\n\u2502 \u250c\u2500\u2500\u2500\u2500\u2500\u2500\u2500\u2500\u2500\u2500\u2500\u2500\u2500\u2500\u2500\u2500\u2500\u2500\u2500\u2500\u2500\u2500\u2500\u2500\u2500\u2500\u2500\u2500\u2500\u2500\u2500\u2500 locals \u2500\u2500\u2500\u2500\u2500\u2500\u2500\u2500\u2500\u2500\u2500\u2500\u2500\u2500\u2500\u2500\u2500\u2500\u2500\u2500\u2500\u2500\u2500\u2500\u2500\u2500\u2500\u2500\u2500\u2500\u2500\u2500\u2500\u2510 \u2502\n\u2502 \u2502 scope = {                                                               \u2502 \u2502\n\u2502 \u2502         \u2502   'type': 'http',                                             \u2502 \u2502\n\u2502 \u2502         \u2502   'asgi': {'version': '3.0'},                                 \u2502 \u2502\n\u2502 \u2502         \u2502   'http_version': '1.1',                                      \u2502 \u2502\n\u2502 \u2502         \u2502   'method': 'POST',                                           \u2502 \u2502\n\u2502 \u2502         \u2502   'headers': [                                                \u2502 \u2502\n\u2502 \u2502         \u2502   \u2502   (b'host', b'testserver'),                               \u2502 \u2502\n\u2502 \u2502         \u2502   \u2502   (b'accept', b'*/*'),                                    \u2502 \u2502\n\u2502 \u2502         \u2502   \u2502   (b'accept-encoding', b'gzip, deflate'),                 \u2502 \u2502\n\u2502 \u2502         \u2502   \u2502   (b'connection', b'keep-alive'),                         \u2502 \u2502\n\u2502 \u2502         \u2502   \u2502   (b'user-agent', b'python-httpx/0.28.1'),                \u2502 \u2502\n\u2502 \u2502         \u2502   \u2502   (b'content-length', b'108'),                            \u2502 \u2502\n\u2502 \u2502         \u2502   \u2502   (b'content-type', b'application/json')                  \u2502 \u2502\n\u2502 \u2502         \u2502   ],                                                          \u2502 \u2502\n\u2502 \u2502         \u2502   'scheme': 'http',                                           \u2502 \u2502\n\u2502 \u2502         \u2502   'path': '/api/v1/incidents',                                \u2502 \u2502\n\u2502 \u2502         \u2502   'raw_path': b'/api/v1/incidents',                           \u2502 \u2502\n\u2502 \u2502         \u2502   'query_string': b'',                                        \u2502 \u2502\n\u2502 \u2502         \u2502   'server': ('testserver', None),                             \u2502 \u2502\n\u2502 \u2502         \u2502   ... +11                                                     \u2502 \u2502\n\u2502 \u2502         }                                                               \u2502 \u2502\n\u2502 \u2502  self = APIRoute(path='/api/v1/incidents', name='create_incident',      \u2502 \u2502\n\u2502 \u2502         methods=['POST'])                                               \u2502 \u2502\n\u2502 \u2514\u2500\u2500\u2500\u2500\u2500\u2500\u2500\u2500\u2500\u2500\u2500\u2500\u2500\u2500\u2500\u2500\u2500\u2500\u2500\u2500\u2500\u2500\u2500\u2500\u2500\u2500\u2500\u2500\u2500\u2500\u2500\u2500\u2500\u2500\u2500\u2500\u2500\u2500\u2500\u2500\u2500\u2500\u2500\u2500\u2500\u2500\u2500\u2500\u2500\u2500\u2500\u2500\u2500\u2500\u2500\u2500\u2500\u2500\u2500\u2500\u2500\u2500\u2500\u2500\u2500\u2500\u2500\u2500\u2500\u2500\u2500\u2500\u2500\u2518 \u2502\n\u2502                                                                             \u2502\n\u2502 C:\\Users\\aksha\\AppData\\Local\\Programs\\Python\\Python314\\Lib\\site-packages\\fa \u2502\n\u2502 stapi\\routing.py:115 in app                                                 \u2502\n\u2502                                                                             \u2502\n\u2502    112 \u2502   \u2502   \u2502   \u2502   )                                                    \u2502\n\u2502    113 \u2502   \u2502                                                                \u2502\n\u2502    114 \u2502   \u2502   # Same as in Starlette                                       \u2502\n\u2502 >  115 \u2502   \u2502   await wrap_app_handling_exceptions(app, request)(scope, rece \u2502\n\u2502    116 \u2502                                                                    \u2502\n\u2502    117 \u2502   return app                                                       \u2502\n\u2502    118                                                                      \u2502\n\u2502                                                                             \u2502\n\u2502 \u250c\u2500\u2500\u2500\u2500\u2500\u2500\u2500\u2500\u2500\u2500\u2500\u2500\u2500\u2500\u2500\u2500\u2500\u2500\u2500\u2500\u2500\u2500\u2500\u2500\u2500\u2500\u2500\u2500\u2500\u2500 locals \u2500\u2500\u2500\u2500\u2500\u2500\u2500\u2500\u2500\u2500\u2500\u2500\u2500\u2500\u2500\u2500\u2500\u2500\u2500\u2500\u2500\u2500\u2500\u2500\u2500\u2500\u2500\u2500\u2500\u2500\u2500\u2510     \u2502\n\u2502 \u2502 request = <starlette.requests.Request object at 0x000002736E600910> \u2502     \u2502\n\u2502 \u2502   scope = {                                                         \u2502     \u2502\n\u2502 \u2502           \u2502   'type': 'http',                                       \u2502     \u2502\n\u2502 \u2502           \u2502   'asgi': {'version': '3.0'},                           \u2502     \u2502\n\u2502 \u2502           \u2502   'http_version': '1.1',                                \u2502     \u2502\n\u2502 \u2502           \u2502   'method': 'POST',                                     \u2502     \u2502\n\u2502 \u2502           \u2502   'headers': [                                          \u2502     \u2502\n\u2502 \u2502           \u2502   \u2502   (b'host', b'testserver'),                         \u2502     \u2502\n\u2502 \u2502           \u2502   \u2502   (b'accept', b'*/*'),                              \u2502     \u2502\n\u2502 \u2502           \u2502   \u2502   (b'accept-encoding', b'gzip, deflate'),           \u2502     \u2502\n\u2502 \u2502           \u2502   \u2502   (b'connection', b'keep-alive'),                   \u2502     \u2502\n\u2502 \u2502           \u2502   \u2502   (b'user-agent', b'python-httpx/0.28.1'),          \u2502     \u2502\n\u2502 \u2502           \u2502   \u2502   (b'content-length', b'108'),                      \u2502     \u2502\n\u2502 \u2502           \u2502   \u2502   (b'content-type', b'application/json')            \u2502     \u2502\n\u2502 \u2502           \u2502   ],                                                    \u2502     \u2502\n\u2502 \u2502           \u2502   'scheme': 'http',                                     \u2502     \u2502\n\u2502 \u2502           \u2502   'path': '/api/v1/incidents',                          \u2502     \u2502\n\u2502 \u2502           \u2502   'raw_path': b'/api/v1/incidents',                     \u2502     \u2502\n\u2502 \u2502           \u2502   'query_string': b'',                                  \u2502     \u2502\n\u2502 \u2502           \u2502   'server': ('testserver', None),                       \u2502     \u2502\n\u2502 \u2502           \u2502   ... +11                                               \u2502     \u2502\n\u2502 \u2502           }                                                         \u2502     \u2502\n\u2502 \u2514\u2500\u2500\u2500\u2500\u2500\u2500\u2500\u2500\u2500\u2500\u2500\u2500\u2500\u2500\u2500\u2500\u2500\u2500\u2500\u2500\u2500\u2500\u2500\u2500\u2500\u2500\u2500\u2500\u2500\u2500\u2500\u2500\u2500\u2500\u2500\u2500\u2500\u2500\u2500\u2500\u2500\u2500\u2500\u2500\u2500\u2500\u2500\u2500\u2500\u2500\u2500\u2500\u2500\u2500\u2500\u2500\u2500\u2500\u2500\u2500\u2500\u2500\u2500\u2500\u2500\u2500\u2500\u2500\u2500\u2518     \u2502\n\u2502                                                                             \u2502\n\u2502 C:\\Users\\aksha\\AppData\\Local\\Programs\\Python\\Python314\\Lib\\site-packages\\st \u2502\n\u2502 arlette\\_exception_handler.py:53 in wrapped_app                             \u2502\n\u2502                                                                             \u2502\n\u2502   50 \u2502   \u2502   \u2502   \u2502   handler = _lookup_exception_handler(exception_handlers \u2502\n\u2502   51 \u2502   \u2502   \u2502                                                              \u2502\n\u2502   52 \u2502   \u2502   \u2502   if handler is None:                                        \u2502\n\u2502 > 53 \u2502   \u2502   \u2502   \u2502   raise exc                                              \u2502\n\u2502   54 \u2502   \u2502   \u2502                                                              \u2502\n\u2502   55 \u2502   \u2502   \u2502   if response_started:                                       \u2502\n\u2502   56 \u2502   \u2502   \u2502   \u2502   raise RuntimeError("Caught handled exception, but resp \u2502\n\u2502      started.") from exc                                                    \u2502\n\u2502                                                                             \u2502\n\u2502 \u250c\u2500\u2500\u2500\u2500\u2500\u2500\u2500\u2500\u2500\u2500\u2500\u2500\u2500\u2500\u2500\u2500\u2500\u2500\u2500\u2500\u2500\u2500\u2500\u2500\u2500\u2500\u2500\u2500\u2500\u2500\u2500\u2500 locals \u2500\u2500\u2500\u2500\u2500\u2500\u2500\u2500\u2500\u2500\u2500\u2500\u2500\u2500\u2500\u2500\u2500\u2500\u2500\u2500\u2500\u2500\u2500\u2500\u2500\u2500\u2500\u2500\u2500\u2500\u2500\u2500\u2500\u2510 \u2502\n\u2502 \u2502               conn = <starlette.requests.Request object at              \u2502 \u2502\n\u2502 \u2502                      0x000002736E600910>                                \u2502 \u2502\n\u2502 \u2502 exception_handlers = {                                                  \u2502 \u2502\n\u2502 \u2502                      \u2502   <class 'starlette.exceptions.HTTPException'>:  \u2502 \u2502\n\u2502 \u2502                      <function http_exception_handler at                \u2502 \u2502\n\u2502 \u2502                      0x000002735B057D70>,                               \u2502 \u2502\n\u2502 \u2502                      \u2502   <class                                         \u2502 \u2502\n\u2502 \u2502                      'starlette.exceptions.WebSocketException'>: <bound \u2502 \u2502\n\u2502 \u2502                      method ExceptionMiddleware.websocket_exception of  \u2502 \u2502\n\u2502 \u2502                      <starlette.middleware.exceptions.ExceptionMiddlew\u2026 \u2502 \u2502\n\u2502 \u2502                      object at 0x000002736E5B34D0>>,                    \u2502 \u2502\n\u2502 \u2502                      \u2502   <class                                         \u2502 \u2502\n\u2502 \u2502                      'fastapi.exceptions.RequestValidationError'>:      \u2502 \u2502\n\u2502 \u2502                      <function validation_exception_handler at          \u2502 \u2502\n\u2502 \u2502                      0x000002735B09BA00>,                               \u2502 \u2502\n\u2502 \u2502                      \u2502   <class                                         \u2502 \u2502\n\u2502 \u2502                      'fastapi.exceptions.WebSocketRequestValidationErr\u2026 \u2502 \u2502\n\u2502 \u2502                      <function                                          \u2502 \u2502\n\u2502 \u2502                      websocket_request_validation_exception_handler at  \u2502 \u2502\n\u2502 \u2502                      0x000002735B05C0F0>,                               \u2502 \u2502\n\u2502 \u2502                      \u2502   <class 'app.core.errors.CivicTraceError'>:     \u2502 \u2502\n\u2502 \u2502                      <function civictrace_exception_handler at          \u2502 \u2502\n\u2502 \u2502                      0x000002735B09B8A0>                                \u2502 \u2502\n\u2502 \u2502                      }                                                  \u2502 \u2502\n\u2502 \u2502            handler = None                                               \u2502 \u2502\n\u2502 \u2502   response_started = False                                              \u2502 \u2502\n\u2502 \u2502              scope = {                                                  \u2502 \u2502\n\u2502 \u2502                      \u2502   'type': 'http',                                \u2502 \u2502\n\u2502 \u2502                      \u2502   'asgi': {'version': '3.0'},                    \u2502 \u2502\n\u2502 \u2502                      \u2502   'http_version': '1.1',                         \u2502 \u2502\n\u2502 \u2502                      \u2502   'method': 'POST',                              \u2502 \u2502\n\u2502 \u2502                      \u2502   'headers': [                                   \u2502 \u2502\n\u2502 \u2502                      \u2502   \u2502   (b'host', b'testserver'),                  \u2502 \u2502\n\u2502 \u2502                      \u2502   \u2502   (b'accept', b'*/*'),                       \u2502 \u2502\n\u2502 \u2502                      \u2502   \u2502   (b'accept-encoding', b'gzip, deflate'),    \u2502 \u2502\n\u2502 \u2502                      \u2502   \u2502   (b'connection', b'keep-alive'),            \u2502 \u2502\n\u2502 \u2502                      \u2502   \u2502   (b'user-agent', b'python-httpx/0.28.1'),   \u2502 \u2502\n\u2502 \u2502                      \u2502   \u2502   (b'content-length', b'108'),               \u2502 \u2502\n\u2502 \u2502                      \u2502   \u2502   (b'content-type', b'application/json')     \u2502 \u2502\n\u2502 \u2502                      \u2502   ],                                             \u2502 \u2502\n\u2502 \u2502                      \u2502   'scheme': 'http',                              \u2502 \u2502\n\u2502 \u2502                      \u2502   'path': '/api/v1/incidents',                   \u2502 \u2502\n\u2502 \u2502                      \u2502   'raw_path': b'/api/v1/incidents',              \u2502 \u2502\n\u2502 \u2502                      \u2502   'query_string': b'',                           \u2502 \u2502\n\u2502 \u2502                      \u2502   'server': ('testserver', None),                \u2502 \u2502\n\u2502 \u2502                      \u2502   ... +11                                        \u2502 \u2502\n\u2502 \u2502                      }                                                  \u2502 \u2502\n\u2502 \u2502    status_handlers = {}                                                 \u2502 \u2502\n\u2502 \u2514\u2500\u2500\u2500\u2500\u2500\u2500\u2500\u2500\u2500\u2500\u2500\u2500\u2500\u2500\u2500\u2500\u2500\u2500\u2500\u2500\u2500\u2500\u2500\u2500\u2500\u2500\u2500\u2500\u2500\u2500\u2500\u2500\u2500\u2500\u2500\u2500\u2500\u2500\u2500\u2500\u2500\u2500\u2500\u2500\u2500\u2500\u2500\u2500\u2500\u2500\u2500\u2500\u2500\u2500\u2500\u2500\u2500\u2500\u2500\u2500\u2500\u2500\u2500\u2500\u2500\u2500\u2500\u2500\u2500\u2500\u2500\u2500\u2500\u2518 \u2502\n\u2502                                                                             \u2502\n\u2502 C:\\Users\\aksha\\AppData\\Local\\Programs\\Python\\Python314\\Lib\\site-packages\\st \u2502\n\u2502 arlette\\_exception_handler.py:42 in wrapped_app                             \u2502\n\u2502                                                                             \u2502\n\u2502   39 \u2502   \u2502   \u2502   await send(message)                                        \u2502\n\u2502   40 \u2502   \u2502                                                                  \u2502\n\u2502   41 \u2502   \u2502   try:                                                           \u2502\n\u2502 > 42 \u2502   \u2502   \u2502   await app(scope, receive, sender)                          \u2502\n\u2502   43 \u2502   \u2502   except Exception as exc:                                       \u2502\n\u2502   44 \u2502   \u2502   \u2502   handler = None                                             \u2502\n\u2502   45                                                                        \u2502\n\u2502                                                                             \u2502\n\u2502 \u250c\u2500\u2500\u2500\u2500\u2500\u2500\u2500\u2500\u2500\u2500\u2500\u2500\u2500\u2500\u2500\u2500\u2500\u2500\u2500\u2500\u2500\u2500\u2500\u2500\u2500\u2500\u2500\u2500\u2500\u2500\u2500\u2500 locals \u2500\u2500\u2500\u2500\u2500\u2500\u2500\u2500\u2500\u2500\u2500\u2500\u2500\u2500\u2500\u2500\u2500\u2500\u2500\u2500\u2500\u2500\u2500\u2500\u2500\u2500\u2500\u2500\u2500\u2500\u2500\u2500\u2500\u2510 \u2502\n\u2502 \u2502               conn = <starlette.requests.Request object at              \u2502 \u2502\n\u2502 \u2502                      0x000002736E600910>                                \u2502 \u2502\n\u2502 \u2502 exception_handlers = {                                                  \u2502 \u2502\n\u2502 \u2502                      \u2502   <class 'starlette.exceptions.HTTPException'>:  \u2502 \u2502\n\u2502 \u2502                      <function http_exception_handler at                \u2502 \u2502\n\u2502 \u2502                      0x000002735B057D70>,                               \u2502 \u2502\n\u2502 \u2502                      \u2502   <class                                         \u2502 \u2502\n\u2502 \u2502                      'starlette.exceptions.WebSocketException'>: <bound \u2502 \u2502\n\u2502 \u2502                      method ExceptionMiddleware.websocket_exception of  \u2502 \u2502\n\u2502 \u2502                      <starlette.middleware.exceptions.ExceptionMiddlew\u2026 \u2502 \u2502\n\u2502 \u2502                      object at 0x000002736E5B34D0>>,                    \u2502 \u2502\n\u2502 \u2502                      \u2502   <class                                         \u2502 \u2502\n\u2502 \u2502                      'fastapi.exceptions.RequestValidationError'>:      \u2502 \u2502\n\u2502 \u2502                      <function validation_exception_handler at          \u2502 \u2502\n\u2502 \u2502                      0x000002735B09BA00>,                               \u2502 \u2502\n\u2502 \u2502                      \u2502   <class                                         \u2502 \u2502\n\u2502 \u2502                      'fastapi.exceptions.WebSocketRequestValidationErr\u2026 \u2502 \u2502\n\u2502 \u2502                      <function                                          \u2502 \u2502\n\u2502 \u2502                      websocket_request_validation_exception_handler at  \u2502 \u2502\n\u2502 \u2502                      0x000002735B05C0F0>,                               \u2502 \u2502\n\u2502 \u2502                      \u2502   <class 'app.core.errors.CivicTraceError'>:     \u2502 \u2502\n\u2502 \u2502                      <function civictrace_exception_handler at          \u2502 \u2502\n\u2502 \u2502                      0x000002735B09B8A0>                                \u2502 \u2502\n\u2502 \u2502                      }                                                  \u2502 \u2502\n\u2502 \u2502            handler = None                                               \u2502 \u2502\n\u2502 \u2502   response_started = False                                              \u2502 \u2502\n\u2502 \u2502              scope = {                                                  \u2502 \u2502\n\u2502 \u2502                      \u2502   'type': 'http',                                \u2502 \u2502\n\u2502 \u2502                      \u2502   'asgi': {'version': '3.0'},                    \u2502 \u2502\n\u2502 \u2502                      \u2502   'http_version': '1.1',                         \u2502 \u2502\n\u2502 \u2502                      \u2502   'method': 'POST',                              \u2502 \u2502\n\u2502 \u2502                      \u2502   'headers': [                                   \u2502 \u2502\n\u2502 \u2502                      \u2502   \u2502   (b'host', b'testserver'),                  \u2502 \u2502\n\u2502 \u2502                      \u2502   \u2502   (b'accept', b'*/*'),                       \u2502 \u2502\n\u2502 \u2502                      \u2502   \u2502   (b'accept-encoding', b'gzip, deflate'),    \u2502 \u2502\n\u2502 \u2502                      \u2502   \u2502   (b'connection', b'keep-alive'),            \u2502 \u2502\n\u2502 \u2502                      \u2502   \u2502   (b'user-agent', b'python-httpx/0.28.1'),   \u2502 \u2502\n\u2502 \u2502                      \u2502   \u2502   (b'content-length', b'108'),               \u2502 \u2502\n\u2502 \u2502                      \u2502   \u2502   (b'content-type', b'application/json')     \u2502 \u2502\n\u2502 \u2502                      \u2502   ],                                             \u2502 \u2502\n\u2502 \u2502                      \u2502   'scheme': 'http',                              \u2502 \u2502\n\u2502 \u2502                      \u2502   'path': '/api/v1/incidents',                   \u2502 \u2502\n\u2502 \u2502                      \u2502   'raw_path': b'/api/v1/incidents',              \u2502 \u2502\n\u2502 \u2502                      \u2502   'query_string': b'',                           \u2502 \u2502\n\u2502 \u2502                      \u2502   'server': ('testserver', None),                \u2502 \u2502\n\u2502 \u2502                      \u2502   ... +11                                        \u2502 \u2502\n\u2502 \u2502                      }                                                  \u2502 \u2502\n\u2502 \u2502    status_handlers = {}                                                 \u2502 \u2502\n\u2502 \u2514\u2500\u2500\u2500\u2500\u2500\u2500\u2500\u2500\u2500\u2500\u2500\u2500\u2500\u2500\u2500\u2500\u2500\u2500\u2500\u2500\u2500\u2500\u2500\u2500\u2500\u2500\u2500\u2500\u2500\u2500\u2500\u2500\u2500\u2500\u2500\u2500\u2500\u2500\u2500\u2500\u2500\u2500\u2500\u2500\u2500\u2500\u2500\u2500\u2500\u2500\u2500\u2500\u2500\u2500\u2500\u2500\u2500\u2500\u2500\u2500\u2500\u2500\u2500\u2500\u2500\u2500\u2500\u2500\u2500\u2500\u2500\u2500\u2500\u2518 \u2502\n\u2502                                                                             \u2502\n\u2502 C:\\Users\\aksha\\AppData\\Local\\Programs\\Python\\Python314\\Lib\\site-packages\\fa \u2502\n\u2502 stapi\\routing.py:101 in app                                                 \u2502\n\u2502                                                                             \u2502\n\u2502     98 \u2502   \u2502   \u2502   \u2502   scope["fastapi_inner_astack"] = request_stack        \u2502\n\u2502     99 \u2502   \u2502   \u2502   \u2502   async with AsyncExitStack() as function_stack:       \u2502\n\u2502    100 \u2502   \u2502   \u2502   \u2502   \u2502   scope["fastapi_function_astack"] = function_stac \u2502\n\u2502 >  101 \u2502   \u2502   \u2502   \u2502   \u2502   response = await f(request)                      \u2502\n\u2502    102 \u2502   \u2502   \u2502   \u2502   await response(scope, receive, send)                 \u2502\n\u2502    103 \u2502   \u2502   \u2502   \u2502   # Continues customization                            \u2502\n\u2502    104 \u2502   \u2502   \u2502   \u2502   response_awaited = True                              \u2502\n\u2502                                                                             \u2502\n\u2502 \u250c\u2500\u2500\u2500\u2500\u2500\u2500\u2500\u2500\u2500\u2500\u2500\u2500\u2500\u2500\u2500\u2500\u2500\u2500\u2500\u2500\u2500\u2500\u2500\u2500\u2500\u2500\u2500\u2500\u2500\u2500\u2500\u2500 locals \u2500\u2500\u2500\u2500\u2500\u2500\u2500\u2500\u2500\u2500\u2500\u2500\u2500\u2500\u2500\u2500\u2500\u2500\u2500\u2500\u2500\u2500\u2500\u2500\u2500\u2500\u2500\u2500\u2500\u2500\u2500\u2500\u2500\u2510 \u2502\n\u2502 \u2502   function_stack = <contextlib.AsyncExitStack object at                 \u2502 \u2502\n\u2502 \u2502                    0x000002736E600E10>                                  \u2502 \u2502\n\u2502 \u2502          request = <starlette.requests.Request object at                \u2502 \u2502\n\u2502 \u2502                    0x000002736E600910>                                  \u2502 \u2502\n\u2502 \u2502    request_stack = <contextlib.AsyncExitStack object at                 \u2502 \u2502\n\u2502 \u2502                    0x000002736E600CD0>                                  \u2502 \u2502\n\u2502 \u2502 response_awaited = False                                                \u2502 \u2502\n\u2502 \u2502            scope = {                                                    \u2502 \u2502\n\u2502 \u2502                    \u2502   'type': 'http',                                  \u2502 \u2502\n\u2502 \u2502                    \u2502   'asgi': {'version': '3.0'},                      \u2502 \u2502\n\u2502 \u2502                    \u2502   'http_version': '1.1',                           \u2502 \u2502\n\u2502 \u2502                    \u2502   'method': 'POST',                                \u2502 \u2502\n\u2502 \u2502                    \u2502   'headers': [                                     \u2502 \u2502\n\u2502 \u2502                    \u2502   \u2502   (b'host', b'testserver'),                    \u2502 \u2502\n\u2502 \u2502                    \u2502   \u2502   (b'accept', b'*/*'),                         \u2502 \u2502\n\u2502 \u2502                    \u2502   \u2502   (b'accept-encoding', b'gzip, deflate'),      \u2502 \u2502\n\u2502 \u2502                    \u2502   \u2502   (b'connection', b'keep-alive'),              \u2502 \u2502\n\u2502 \u2502                    \u2502   \u2502   (b'user-agent', b'python-httpx/0.28.1'),     \u2502 \u2502\n\u2502 \u2502                    \u2502   \u2502   (b'content-length', b'108'),                 \u2502 \u2502\n\u2502 \u2502                    \u2502   \u2502   (b'content-type', b'application/json')       \u2502 \u2502\n\u2502 \u2502                    \u2502   ],                                               \u2502 \u2502\n\u2502 \u2502                    \u2502   'scheme': 'http',                                \u2502 \u2502\n\u2502 \u2502                    \u2502   'path': '/api/v1/incidents',                     \u2502 \u2502\n\u2502 \u2502                    \u2502   'raw_path': b'/api/v1/incidents',                \u2502 \u2502\n\u2502 \u2502                    \u2502   'query_string': b'',                             \u2502 \u2502\n\u2502 \u2502                    \u2502   'server': ('testserver', None),                  \u2502 \u2502\n\u2502 \u2502                    \u2502   ... +11                                          \u2502 \u2502\n\u2502 \u2502                    }                                                    \u2502 \u2502\n\u2502 \u2514\u2500\u2500\u2500\u2500\u2500\u2500\u2500\u2500\u2500\u2500\u2500\u2500\u2500\u2500\u2500\u2500\u2500\u2500\u2500\u2500\u2500\u2500\u2500\u2500\u2500\u2500\u2500\u2500\u2500\u2500\u2500\u2500\u2500\u2500\u2500\u2500\u2500\u2500\u2500\u2500\u2500\u2500\u2500\u2500\u2500\u2500\u2500\u2500\u2500\u2500\u2500\u2500\u2500\u2500\u2500\u2500\u2500\u2500\u2500\u2500\u2500\u2500\u2500\u2500\u2500\u2500\u2500\u2500\u2500\u2500\u2500\u2500\u2500\u2518 \u2502\n\u2502                                                                             \u2502\n\u2502 C:\\Users\\aksha\\AppData\\Local\\Programs\\Python\\Python314\\Lib\\site-packages\\fa \u2502\n\u2502 stapi\\routing.py:355 in app                                                 \u2502\n\u2502                                                                             \u2502\n\u2502    352 \u2502   \u2502   )                                                            \u2502\n\u2502    353 \u2502   \u2502   errors = solved_result.errors                                \u2502\n\u2502    354 \u2502   \u2502   if not errors:                                               \u2502\n\u2502 >  355 \u2502   \u2502   \u2502   raw_response = await run_endpoint_function(              \u2502\n\u2502    356 \u2502   \u2502   \u2502   \u2502   dependant=dependant,                                 \u2502\n\u2502    357 \u2502   \u2502   \u2502   \u2502   values=solved_result.values,                         \u2502\n\u2502    358 \u2502   \u2502   \u2502   \u2502   is_coroutine=is_coroutine,                           \u2502\n\u2502                                                                             \u2502\n\u2502 \u250c\u2500\u2500\u2500\u2500\u2500\u2500\u2500\u2500\u2500\u2500\u2500\u2500\u2500\u2500\u2500\u2500\u2500\u2500\u2500\u2500\u2500\u2500\u2500\u2500\u2500\u2500\u2500\u2500\u2500\u2500\u2500\u2500 locals \u2500\u2500\u2500\u2500\u2500\u2500\u2500\u2500\u2500\u2500\u2500\u2500\u2500\u2500\u2500\u2500\u2500\u2500\u2500\u2500\u2500\u2500\u2500\u2500\u2500\u2500\u2500\u2500\u2500\u2500\u2500\u2500\u2500\u2510 \u2502\n\u2502 \u2502                async_exit_stack = <contextlib.AsyncExitStack object at  \u2502 \u2502\n\u2502 \u2502                                   0x000002736E600CD0>                   \u2502 \u2502\n\u2502 \u2502                            body = {                                     \u2502 \u2502\n\u2502 \u2502                                   \u2502   'title': 'Pothole on 5th Avenue', \u2502 \u2502\n\u2502 \u2502                                   \u2502   'issue_type': 'pothole',          \u2502 \u2502\n\u2502 \u2502                                   \u2502   'description': 'Deep pothole      \u2502 \u2502\n\u2502 \u2502                                   causing vehicle damage'               \u2502 \u2502\n\u2502 \u2502                                   }                                     \u2502 \u2502\n\u2502 \u2502                      body_bytes = b'{"title":"Pothole on 5th            \u2502 \u2502\n\u2502 \u2502                                   Avenue","issue_type":"pothole","desc\u2026 \u2502 \u2502\n\u2502 \u2502                                   poth'+28                              \u2502 \u2502\n\u2502 \u2502                      body_field = ModelField(                           \u2502 \u2502\n\u2502 \u2502                                   \u2502   field_info=Body(                  \u2502 \u2502\n\u2502 \u2502                                   \u2502   \u2502   annotation=IncidentSubmit,    \u2502 \u2502\n\u2502 \u2502                                   \u2502   \u2502   required=True,                \u2502 \u2502\n\u2502 \u2502                                   \u2502   \u2502   alias='data',                 \u2502 \u2502\n\u2502 \u2502                                   \u2502   \u2502   json_schema_extra={}          \u2502 \u2502\n\u2502 \u2502                                   \u2502   ),                                \u2502 \u2502\n\u2502 \u2502                                   \u2502   name='data',                      \u2502 \u2502\n\u2502 \u2502                                   \u2502   mode='validation',                \u2502 \u2502\n\u2502 \u2502                                   \u2502   config=None                       \u2502 \u2502\n\u2502 \u2502                                   )                                     \u2502 \u2502\n\u2502 \u2502              content_type_value = 'application/json'                    \u2502 \u2502\n\u2502 \u2502                       dependant = Dependant(                            \u2502 \u2502\n\u2502 \u2502                                   \u2502   path_params=[],                   \u2502 \u2502\n\u2502 \u2502                                   \u2502   query_params=[],                  \u2502 \u2502\n\u2502 \u2502                                   \u2502   header_params=[],                 \u2502 \u2502\n\u2502 \u2502                                   \u2502   cookie_params=[],                 \u2502 \u2502\n\u2502 \u2502                                   \u2502   body_params=[                     \u2502 \u2502\n\u2502 \u2502                                   \u2502   \u2502   ModelField(                   \u2502 \u2502\n\u2502 \u2502                                   \u2502   \u2502   \u2502   field_info=Body(          \u2502 \u2502\n\u2502 \u2502                                   \u2502   \u2502   \u2502   \u2502                         \u2502 \u2502\n\u2502 \u2502                                   annotation=IncidentSubmit,            \u2502 \u2502\n\u2502 \u2502                                   \u2502   \u2502   \u2502   \u2502   required=True,        \u2502 \u2502\n\u2502 \u2502                                   \u2502   \u2502   \u2502   \u2502   alias='data',         \u2502 \u2502\n\u2502 \u2502                                   \u2502   \u2502   \u2502   \u2502   json_schema_extra={}  \u2502 \u2502\n\u2502 \u2502                                   \u2502   \u2502   \u2502   ),                        \u2502 \u2502\n\u2502 \u2502                                   \u2502   \u2502   \u2502   name='data',              \u2502 \u2502\n\u2502 \u2502                                   \u2502   \u2502   \u2502   mode='validation',        \u2502 \u2502\n\u2502 \u2502                                   \u2502   \u2502   \u2502   config=None               \u2502 \u2502\n\u2502 \u2502                                   \u2502   \u2502   )                             \u2502 \u2502\n\u2502 \u2502                                   \u2502   ],                                \u2502 \u2502\n\u2502 \u2502                                   \u2502   dependencies=[                    \u2502 \u2502\n\u2502 \u2502                                   \u2502   \u2502   Dependant(                    \u2502 \u2502\n\u2502 \u2502                                   \u2502   \u2502   \u2502   path_params=[],           \u2502 \u2502\n\u2502 \u2502                                   \u2502   \u2502   \u2502   query_params=[],          \u2502 \u2502\n\u2502 \u2502                                   \u2502   \u2502   \u2502   header_params=[],         \u2502 \u2502\n\u2502 \u2502                                   \u2502   \u2502   \u2502   cookie_params=[],         \u2502 \u2502\n\u2502 \u2502                                   \u2502   \u2502   \u2502   body_params=[],           \u2502 \u2502\n\u2502 \u2502                                   \u2502   \u2502   \u2502   dependencies=[],          \u2502 \u2502\n\u2502 \u2502                                   \u2502   \u2502   \u2502   name='db',                \u2502 \u2502\n\u2502 \u2502                                   \u2502   \u2502   \u2502   call=<function get_db at  \u2502 \u2502\n\u2502 \u2502                                   0x000002735B1A7320>,                  \u2502 \u2502\n\u2502 \u2502                                   \u2502   \u2502   \u2502   request_param_name=None,  \u2502 \u2502\n\u2502 \u2502                                   \u2502   \u2502   \u2502                             \u2502 \u2502\n\u2502 \u2502                                   websocket_param_name=None,            \u2502 \u2502\n\u2502 \u2502                                   \u2502   \u2502   \u2502                             \u2502 \u2502\n\u2502 \u2502                                   http_connection_param_name=None,      \u2502 \u2502\n\u2502 \u2502                                   \u2502   \u2502   \u2502   response_param_name=None, \u2502 \u2502\n\u2502 \u2502                                   \u2502   \u2502   \u2502                             \u2502 \u2502\n\u2502 \u2502                                   background_tasks_param_name=None,     \u2502 \u2502\n\u2502 \u2502                                   \u2502   \u2502   \u2502                             \u2502 \u2502\n\u2502 \u2502                                   security_scopes_param_name=None,      \u2502 \u2502\n\u2502 \u2502                                   \u2502   \u2502   \u2502   own_oauth_scopes=[],      \u2502 \u2502\n\u2502 \u2502                                   \u2502   \u2502   \u2502   parent_oauth_scopes=[],   \u2502 \u2502\n\u2502 \u2502                                   \u2502   \u2502   \u2502   use_cache=True,           \u2502 \u2502\n\u2502 \u2502                                   \u2502   \u2502   \u2502   path='/api/v1/incidents', \u2502 \u2502\n\u2502 \u2502                                   \u2502   \u2502   \u2502   scope=None                \u2502 \u2502\n\u2502 \u2502                                   \u2502   \u2502   )                             \u2502 \u2502\n\u2502 \u2502                                   \u2502   ],                                \u2502 \u2502\n\u2502 \u2502                                   \u2502   name=None,                        \u2502 \u2502\n\u2502 \u2502                                   \u2502   call=<function create_incident at \u2502 \u2502\n\u2502 \u2502                                   0x000002736ADA3690>,                  \u2502 \u2502\n\u2502 \u2502                                   \u2502   request_param_name=None,          \u2502 \u2502\n\u2502 \u2502                                   \u2502   websocket_param_name=None,        \u2502 \u2502\n\u2502 \u2502                                   \u2502   http_connection_param_name=None,  \u2502 \u2502\n\u2502 \u2502                                   \u2502   response_param_name=None,         \u2502 \u2502\n\u2502 \u2502                                   \u2502   background_tasks_param_name=None, \u2502 \u2502\n\u2502 \u2502                                   \u2502   security_scopes_param_name=None,  \u2502 \u2502\n\u2502 \u2502                                   \u2502   own_oauth_scopes=None,            \u2502 \u2502\n\u2502 \u2502                                   \u2502   parent_oauth_scopes=None,         \u2502 \u2502\n\u2502 \u2502                                   \u2502   use_cache=True,                   \u2502 \u2502\n\u2502 \u2502                                   \u2502   path='/api/v1/incidents',         \u2502 \u2502\n\u2502 \u2502                                   \u2502   scope='function'                  \u2502 \u2502\n\u2502 \u2502                                   )                                     \u2502 \u2502\n\u2502 \u2502   dependency_overrides_provider = <fastapi.applications.FastAPI object  \u2502 \u2502\n\u2502 \u2502                                   at 0x000002736E4C6660>                \u2502 \u2502\n\u2502 \u2502               embed_body_fields = False                                 \u2502 \u2502\n\u2502 \u2502                    endpoint_ctx = {                                     \u2502 \u2502\n\u2502 \u2502                                   \u2502   'file':                           \u2502 \u2502\n\u2502 \u2502                                   'C:\\\\Users\\\\aksha\\\\Desktop\\\\CivicTra\u2026 \u2502 \u2502\n\u2502 \u2502                                   \u2502   'line': 28,                       \u2502 \u2502\n\u2502 \u2502                                   \u2502   'function': 'create_incident',    \u2502 \u2502\n\u2502 \u2502                                   \u2502   'path': 'POST /api/v1/incidents'  \u2502 \u2502\n\u2502 \u2502                                   }                                     \u2502 \u2502\n\u2502 \u2502                          errors = []                                    \u2502 \u2502\n\u2502 \u2502                      file_stack = <contextlib.AsyncExitStack object at  \u2502 \u2502\n\u2502 \u2502                                   0x000002736E5B3B60>                   \u2502 \u2502\n\u2502 \u2502                    is_body_form = False                                 \u2502 \u2502\n\u2502 \u2502                    is_coroutine = True                                  \u2502 \u2502\n\u2502 \u2502                       json_body = {                                     \u2502 \u2502\n\u2502 \u2502                                   \u2502   'title': 'Pothole on 5th Avenue', \u2502 \u2502\n\u2502 \u2502                                   \u2502   'issue_type': 'pothole',          \u2502 \u2502\n\u2502 \u2502                                   \u2502   'description': 'Deep pothole      \u2502 \u2502\n\u2502 \u2502                                   causing vehicle damage'               \u2502 \u2502\n\u2502 \u2502                                   }                                     \u2502 \u2502\n\u2502 \u2502                         message = <email.message.Message object at      \u2502 \u2502\n\u2502 \u2502                                   0x000002736E559B80>                   \u2502 \u2502\n\u2502 \u2502                      mount_path = ''                                    \u2502 \u2502\n\u2502 \u2502                         request = <starlette.requests.Request object at \u2502 \u2502\n\u2502 \u2502                                   0x000002736E600910>                   \u2502 \u2502\n\u2502 \u2502                        response = None                                  \u2502 \u2502\n\u2502 \u2502                  response_field = ModelField(                           \u2502 \u2502\n\u2502 \u2502                                   \u2502   field_info=FieldInfo(             \u2502 \u2502\n\u2502 \u2502                                   \u2502   \u2502   annotation=IncidentDetail,    \u2502 \u2502\n\u2502 \u2502                                   \u2502   \u2502   required=True                 \u2502 \u2502\n\u2502 \u2502                                   \u2502   ),                                \u2502 \u2502\n\u2502 \u2502                                   \u2502                                     \u2502 \u2502\n\u2502 \u2502                                   name='Response_create_incident_api_v\u2026 \u2502 \u2502\n\u2502 \u2502                                   \u2502   mode='serialization',             \u2502 \u2502\n\u2502 \u2502                                   \u2502   config=None                       \u2502 \u2502\n\u2502 \u2502                                   )                                     \u2502 \u2502\n\u2502 \u2502         response_model_by_alias = True                                  \u2502 \u2502\n\u2502 \u2502          response_model_exclude = None                                  \u2502 \u2502\n\u2502 \u2502 response_model_exclude_defaults = False                                 \u2502 \u2502\n\u2502 \u2502     response_model_exclude_none = False                                 \u2502 \u2502\n\u2502 \u2502    response_model_exclude_unset = False                                 \u2502 \u2502\n\u2502 \u2502          response_model_include = None                                  \u2502 \u2502\n\u2502 \u2502                   solved_result = SolvedDependency(                     \u2502 \u2502\n\u2502 \u2502                                   \u2502   values={                          \u2502 \u2502\n\u2502 \u2502                                   \u2502   \u2502   'db':                         \u2502 \u2502\n\u2502 \u2502                                   <sqlalchemy.ext.asyncio.session.Asyn\u2026 \u2502 \u2502\n\u2502 \u2502                                   object at 0x000002736E60C440>,        \u2502 \u2502\n\u2502 \u2502                                   \u2502   \u2502   'data': IncidentSubmit(       \u2502 \u2502\n\u2502 \u2502                                   \u2502   \u2502   \u2502   title='Pothole on 5th     \u2502 \u2502\n\u2502 \u2502                                   Avenue',                              \u2502 \u2502\n\u2502 \u2502                                   \u2502   \u2502   \u2502   description='Deep pothole \u2502 \u2502\n\u2502 \u2502                                   causing vehicle damage',              \u2502 \u2502\n\u2502 \u2502                                   \u2502   \u2502   \u2502                             \u2502 \u2502\n\u2502 \u2502                                   issue_type=<IssueType.POTHOLE:        \u2502 \u2502\n\u2502 \u2502                                   'pothole'>,                           \u2502 \u2502\n\u2502 \u2502                                   \u2502   \u2502   \u2502   location=None,            \u2502 \u2502\n\u2502 \u2502                                   \u2502   \u2502   \u2502   fusion_metadata=None      \u2502 \u2502\n\u2502 \u2502                                   \u2502   \u2502   )                             \u2502 \u2502\n\u2502 \u2502                                   \u2502   },                                \u2502 \u2502\n\u2502 \u2502                                   \u2502   errors=[],                        \u2502 \u2502\n\u2502 \u2502                                   \u2502   background_tasks=None,            \u2502 \u2502\n\u2502 \u2502                                   \u2502                                     \u2502 \u2502\n\u2502 \u2502                                   response=<starlette.responses.Respon\u2026 \u2502 \u2502\n\u2502 \u2502                                   object at 0x000002736E5B3CB0>,        \u2502 \u2502\n\u2502 \u2502                                   \u2502   dependency_cache={                \u2502 \u2502\n\u2502 \u2502                                   \u2502   \u2502   (<function get_db at          \u2502 \u2502\n\u2502 \u2502                                   0x000002735B1A7320>, (), 'request'):  \u2502 \u2502\n\u2502 \u2502                                   <sqlalchemy.ext.asyncio.session.Asyn\u2026 \u2502 \u2502\n\u2502 \u2502                                   object at 0x000002736E60C440>         \u2502 \u2502\n\u2502 \u2502                                   \u2502   }                                 \u2502 \u2502\n\u2502 \u2502                                   )                                     \u2502 \u2502\n\u2502 \u2502                     status_code = 201                                   \u2502 \u2502\n\u2502 \u2502                         subtype = 'json'                                \u2502 \u2502\n\u2502 \u2514\u2500\u2500\u2500\u2500\u2500\u2500\u2500\u2500\u2500\u2500\u2500\u2500\u2500\u2500\u2500\u2500\u2500\u2500\u2500\u2500\u2500\u2500\u2500\u2500\u2500\u2500\u2500\u2500\u2500\u2500\u2500\u2500\u2500\u2500\u2500\u2500\u2500\u2500\u2500\u2500\u2500\u2500\u2500\u2500\u2500\u2500\u2500\u2500\u2500\u2500\u2500\u2500\u2500\u2500\u2500\u2500\u2500\u2500\u2500\u2500\u2500\u2500\u2500\u2500\u2500\u2500\u2500\u2500\u2500\u2500\u2500\u2500\u2500\u2518 \u2502\n\u2502                                                                             \u2502\n\u2502 C:\\Users\\aksha\\AppData\\Local\\Programs\\Python\\Python314\\Lib\\site-packages\\fa \u2502\n\u2502 stapi\\routing.py:243 in run_endpoint_function                               \u2502\n\u2502                                                                             \u2502\n\u2502    240 \u2502   assert dependant.call is not None, "dependant.call must be a fun \u2502\n\u2502    241 \u2502                                                                    \u2502\n\u2502    242 \u2502   if is_coroutine:                                                 \u2502\n\u2502 >  243 \u2502   \u2502   return await dependant.call(**values)                        \u2502\n\u2502    244 \u2502   else:                                                            \u2502\n\u2502    245 \u2502   \u2502   return await run_in_threadpool(dependant.call, **values)     \u2502\n\u2502    246                                                                      \u2502\n\u2502                                                                             \u2502\n\u2502 \u250c\u2500\u2500\u2500\u2500\u2500\u2500\u2500\u2500\u2500\u2500\u2500\u2500\u2500\u2500\u2500\u2500\u2500\u2500\u2500\u2500\u2500\u2500\u2500\u2500\u2500\u2500\u2500\u2500\u2500\u2500\u2500\u2500 locals \u2500\u2500\u2500\u2500\u2500\u2500\u2500\u2500\u2500\u2500\u2500\u2500\u2500\u2500\u2500\u2500\u2500\u2500\u2500\u2500\u2500\u2500\u2500\u2500\u2500\u2500\u2500\u2500\u2500\u2500\u2500\u2500\u2500\u2510 \u2502\n\u2502 \u2502    dependant = Dependant(                                               \u2502 \u2502\n\u2502 \u2502                \u2502   path_params=[],                                      \u2502 \u2502\n\u2502 \u2502                \u2502   query_params=[],                                     \u2502 \u2502\n\u2502 \u2502                \u2502   header_params=[],                                    \u2502 \u2502\n\u2502 \u2502                \u2502   cookie_params=[],                                    \u2502 \u2502\n\u2502 \u2502                \u2502   body_params=[                                        \u2502 \u2502\n\u2502 \u2502                \u2502   \u2502   ModelField(                                      \u2502 \u2502\n\u2502 \u2502                \u2502   \u2502   \u2502   field_info=Body(                             \u2502 \u2502\n\u2502 \u2502                \u2502   \u2502   \u2502   \u2502   annotation=IncidentSubmit,               \u2502 \u2502\n\u2502 \u2502                \u2502   \u2502   \u2502   \u2502   required=True,                           \u2502 \u2502\n\u2502 \u2502                \u2502   \u2502   \u2502   \u2502   alias='data',                            \u2502 \u2502\n\u2502 \u2502                \u2502   \u2502   \u2502   \u2502   json_schema_extra={}                     \u2502 \u2502\n\u2502 \u2502                \u2502   \u2502   \u2502   ),                                           \u2502 \u2502\n\u2502 \u2502                \u2502   \u2502   \u2502   name='data',                                 \u2502 \u2502\n\u2502 \u2502                \u2502   \u2502   \u2502   mode='validation',                           \u2502 \u2502\n\u2502 \u2502                \u2502   \u2502   \u2502   config=None                                  \u2502 \u2502\n\u2502 \u2502                \u2502   \u2502   )                                                \u2502 \u2502\n\u2502 \u2502                \u2502   ],                                                   \u2502 \u2502\n\u2502 \u2502                \u2502   dependencies=[                                       \u2502 \u2502\n\u2502 \u2502                \u2502   \u2502   Dependant(                                       \u2502 \u2502\n\u2502 \u2502                \u2502   \u2502   \u2502   path_params=[],                              \u2502 \u2502\n\u2502 \u2502                \u2502   \u2502   \u2502   query_params=[],                             \u2502 \u2502\n\u2502 \u2502                \u2502   \u2502   \u2502   header_params=[],                            \u2502 \u2502\n\u2502 \u2502                \u2502   \u2502   \u2502   cookie_params=[],                            \u2502 \u2502\n\u2502 \u2502                \u2502   \u2502   \u2502   body_params=[],                              \u2502 \u2502\n\u2502 \u2502                \u2502   \u2502   \u2502   dependencies=[],                             \u2502 \u2502\n\u2502 \u2502                \u2502   \u2502   \u2502   name='db',                                   \u2502 \u2502\n\u2502 \u2502                \u2502   \u2502   \u2502   call=<function get_db at                     \u2502 \u2502\n\u2502 \u2502                0x000002735B1A7320>,                                     \u2502 \u2502\n\u2502 \u2502                \u2502   \u2502   \u2502   request_param_name=None,                     \u2502 \u2502\n\u2502 \u2502                \u2502   \u2502   \u2502   websocket_param_name=None,                   \u2502 \u2502\n\u2502 \u2502                \u2502   \u2502   \u2502   http_connection_param_name=None,             \u2502 \u2502\n\u2502 \u2502                \u2502   \u2502   \u2502   response_param_name=None,                    \u2502 \u2502\n\u2502 \u2502                \u2502   \u2502   \u2502   background_tasks_param_name=None,            \u2502 \u2502\n\u2502 \u2502                \u2502   \u2502   \u2502   security_scopes_param_name=None,             \u2502 \u2502\n\u2502 \u2502                \u2502   \u2502   \u2502   own_oauth_scopes=[],                         \u2502 \u2502\n\u2502 \u2502                \u2502   \u2502   \u2502   parent_oauth_scopes=[],                      \u2502 \u2502\n\u2502 \u2502                \u2502   \u2502   \u2502   use_cache=True,                              \u2502 \u2502\n\u2502 \u2502                \u2502   \u2502   \u2502   path='/api/v1/incidents',                    \u2502 \u2502\n\u2502 \u2502                \u2502   \u2502   \u2502   scope=None                                   \u2502 \u2502\n\u2502 \u2502                \u2502   \u2502   )                                                \u2502 \u2502\n\u2502 \u2502                \u2502   ],                                                   \u2502 \u2502\n\u2502 \u2502                \u2502   name=None,                                           \u2502 \u2502\n\u2502 \u2502                \u2502   call=<function create_incident at                    \u2502 \u2502\n\u2502 \u2502                0x000002736ADA3690>,                                     \u2502 \u2502\n\u2502 \u2502                \u2502   request_param_name=None,                             \u2502 \u2502\n\u2502 \u2502                \u2502   websocket_param_name=None,                           \u2502 \u2502\n\u2502 \u2502                \u2502   http_connection_param_name=None,                     \u2502 \u2502\n\u2502 \u2502                \u2502   response_param_name=None,                            \u2502 \u2502\n\u2502 \u2502                \u2502   background_tasks_param_name=None,                    \u2502 \u2502\n\u2502 \u2502                \u2502   security_scopes_param_name=None,                     \u2502 \u2502\n\u2502 \u2502                \u2502   own_oauth_scopes=None,                               \u2502 \u2502\n\u2502 \u2502                \u2502   parent_oauth_scopes=None,                            \u2502 \u2502\n\u2502 \u2502                \u2502   use_cache=True,                                      \u2502 \u2502\n\u2502 \u2502                \u2502   path='/api/v1/incidents',                            \u2502 \u2502\n\u2502 \u2502                \u2502   scope='function'                                     \u2502 \u2502\n\u2502 \u2502                )                                                        \u2502 \u2502\n\u2502 \u2502 is_coroutine = True                                                     \u2502 \u2502\n\u2502 \u2502       values = {                                                        \u2502 \u2502\n\u2502 \u2502                \u2502   'db': <sqlalchemy.ext.asyncio.session.AsyncSession   \u2502 \u2502\n\u2502 \u2502                object at 0x000002736E60C440>,                           \u2502 \u2502\n\u2502 \u2502                \u2502   'data': IncidentSubmit(                              \u2502 \u2502\n\u2502 \u2502                \u2502   \u2502   title='Pothole on 5th Avenue',                   \u2502 \u2502\n\u2502 \u2502                \u2502   \u2502   description='Deep pothole causing vehicle        \u2502 \u2502\n\u2502 \u2502                damage',                                                 \u2502 \u2502\n\u2502 \u2502                \u2502   \u2502   issue_type=<IssueType.POTHOLE: 'pothole'>,       \u2502 \u2502\n\u2502 \u2502                \u2502   \u2502   location=None,                                   \u2502 \u2502\n\u2502 \u2502                \u2502   \u2502   fusion_metadata=None                             \u2502 \u2502\n\u2502 \u2502                \u2502   )                                                    \u2502 \u2502\n\u2502 \u2502                }                                                        \u2502 \u2502\n\u2502 \u2514\u2500\u2500\u2500\u2500\u2500\u2500\u2500\u2500\u2500\u2500\u2500\u2500\u2500\u2500\u2500\u2500\u2500\u2500\u2500\u2500\u2500\u2500\u2500\u2500\u2500\u2500\u2500\u2500\u2500\u2500\u2500\u2500\u2500\u2500\u2500\u2500\u2500\u2500\u2500\u2500\u2500\u2500\u2500\u2500\u2500\u2500\u2500\u2500\u2500\u2500\u2500\u2500\u2500\u2500\u2500\u2500\u2500\u2500\u2500\u2500\u2500\u2500\u2500\u2500\u2500\u2500\u2500\u2500\u2500\u2500\u2500\u2500\u2500\u2518 \u2502\n\u2502                                                                             \u2502\n\u2502 C:\\Users\\aksha\\Desktop\\CivicTrace-Akshat\\apps\\api\\app\\api\\routes\\incidents. \u2502\n\u2502 py:39 in create_incident                                                    \u2502\n\u2502                                                                             \u2502\n\u2502    36 \u2502   db: DbSession,                                                    \u2502\n\u2502    37 ) -> Any:                                                             \u2502\n\u2502    38 \u2502   service = IncidentService(db)                                     \u2502\n\u2502 >  39 \u2502   return await service.create_incident(data)                        \u2502\n\u2502    40                                                                       \u2502\n\u2502    41                                                                       \u2502\n\u2502    42 @router.get(                                                          \u2502\n\u2502                                                                             \u2502\n\u2502 \u250c\u2500\u2500\u2500\u2500\u2500\u2500\u2500\u2500\u2500\u2500\u2500\u2500\u2500\u2500\u2500\u2500\u2500\u2500\u2500\u2500\u2500\u2500\u2500\u2500\u2500\u2500\u2500\u2500\u2500\u2500\u2500\u2500 locals \u2500\u2500\u2500\u2500\u2500\u2500\u2500\u2500\u2500\u2500\u2500\u2500\u2500\u2500\u2500\u2500\u2500\u2500\u2500\u2500\u2500\u2500\u2500\u2500\u2500\u2500\u2500\u2500\u2500\u2500\u2500\u2500\u2500\u2510 \u2502\n\u2502 \u2502    data = IncidentSubmit(                                               \u2502 \u2502\n\u2502 \u2502           \u2502   title='Pothole on 5th Avenue',                            \u2502 \u2502\n\u2502 \u2502           \u2502   description='Deep pothole causing vehicle damage',        \u2502 \u2502\n\u2502 \u2502           \u2502   issue_type=<IssueType.POTHOLE: 'pothole'>,                \u2502 \u2502\n\u2502 \u2502           \u2502   location=None,                                            \u2502 \u2502\n\u2502 \u2502           \u2502   fusion_metadata=None                                      \u2502 \u2502\n\u2502 \u2502           )                                                             \u2502 \u2502\n\u2502 \u2502      db = <sqlalchemy.ext.asyncio.session.AsyncSession object at        \u2502 \u2502\n\u2502 \u2502           0x000002736E60C440>                                           \u2502 \u2502\n\u2502 \u2502 service = <app.services.incident_service.IncidentService object at      \u2502 \u2502\n\u2502 \u2502           0x000002736E60C1A0>                                           \u2502 \u2502\n\u2502 \u2514\u2500\u2500\u2500\u2500\u2500\u2500\u2500\u2500\u2500\u2500\u2500\u2500\u2500\u2500\u2500\u2500\u2500\u2500\u2500\u2500\u2500\u2500\u2500\u2500\u2500\u2500\u2500\u2500\u2500\u2500\u2500\u2500\u2500\u2500\u2500\u2500\u2500\u2500\u2500\u2500\u2500\u2500\u2500\u2500\u2500\u2500\u2500\u2500\u2500\u2500\u2500\u2500\u2500\u2500\u2500\u2500\u2500\u2500\u2500\u2500\u2500\u2500\u2500\u2500\u2500\u2500\u2500\u2500\u2500\u2500\u2500\u2500\u2500\u2518 \u2502\n\u2502                                                                             \u2502\n\u2502 C:\\Users\\aksha\\Desktop\\CivicTrace-Akshat\\apps\\api\\app\\services\\incident_ser \u2502\n\u2502 vice.py:74 in create_incident                                               \u2502\n\u2502                                                                             \u2502\n\u2502    71 \u2502   \u2502   await self.session.flush()                                    \u2502\n\u2502    72 \u2502   \u2502                                                                 \u2502\n\u2502    73 \u2502   \u2502   # Run orchestration workflow                                  \u2502\n\u2502 >  74 \u2502   \u2502   await self.process_incident_workflow(incident.id)             \u2502\n\u2502    75 \u2502   \u2502                                                                 \u2502\n\u2502    76 \u2502   \u2502   return await self.get_incident(incident.id)                   \u2502\n\u2502    77                                                                       \u2502\n\u2502                                                                             \u2502\n\u2502 \u250c\u2500\u2500\u2500\u2500\u2500\u2500\u2500\u2500\u2500\u2500\u2500\u2500\u2500\u2500\u2500\u2500\u2500\u2500\u2500\u2500\u2500\u2500\u2500\u2500\u2500\u2500\u2500\u2500\u2500\u2500\u2500\u2500 locals \u2500\u2500\u2500\u2500\u2500\u2500\u2500\u2500\u2500\u2500\u2500\u2500\u2500\u2500\u2500\u2500\u2500\u2500\u2500\u2500\u2500\u2500\u2500\u2500\u2500\u2500\u2500\u2500\u2500\u2500\u2500\u2500\u2500\u2510 \u2502\n\u2502 \u2502     data = IncidentSubmit(                                              \u2502 \u2502\n\u2502 \u2502            \u2502   title='Pothole on 5th Avenue',                           \u2502 \u2502\n\u2502 \u2502            \u2502   description='Deep pothole causing vehicle damage',       \u2502 \u2502\n\u2502 \u2502            \u2502   issue_type=<IssueType.POTHOLE: 'pothole'>,               \u2502 \u2502\n\u2502 \u2502            \u2502   location=None,                                           \u2502 \u2502\n\u2502 \u2502            \u2502   fusion_metadata=None                                     \u2502 \u2502\n\u2502 \u2502            )                                                            \u2502 \u2502\n\u2502 \u2502    event = <IncidentEvent id=53e03cbf-8885-4020-8d58-80e426ee910b       \u2502 \u2502\n\u2502 \u2502            type=<EventType.INCIDENT_CREATED: 'incident_created'>        \u2502 \u2502\n\u2502 \u2502            incident=a3bfc7f3-356a-440d-8c32-872600d65770>               \u2502 \u2502\n\u2502 \u2502 incident = <Incident id=a3bfc7f3-356a-440d-8c32-872600d65770            \u2502 \u2502\n\u2502 \u2502            ref='INC-202B5DE4' status=<IncidentStatus.DRAFT: 'draft'>>   \u2502 \u2502\n\u2502 \u2502      loc = None                                                         \u2502 \u2502\n\u2502 \u2502 metadata = {'citizen_id': 'citizen_default'}                            \u2502 \u2502\n\u2502 \u2502     self = <app.services.incident_service.IncidentService object at     \u2502 \u2502\n\u2502 \u2502            0x000002736E60C1A0>                                          \u2502 \u2502\n\u2502 \u2514\u2500\u2500\u2500\u2500\u2500\u2500\u2500\u2500\u2500\u2500\u2500\u2500\u2500\u2500\u2500\u2500\u2500\u2500\u2500\u2500\u2500\u2500\u2500\u2500\u2500\u2500\u2500\u2500\u2500\u2500\u2500\u2500\u2500\u2500\u2500\u2500\u2500\u2500\u2500\u2500\u2500\u2500\u2500\u2500\u2500\u2500\u2500\u2500\u2500\u2500\u2500\u2500\u2500\u2500\u2500\u2500\u2500\u2500\u2500\u2500\u2500\u2500\u2500\u2500\u2500\u2500\u2500\u2500\u2500\u2500\u2500\u2500\u2500\u2518 \u2502\n\u2502                                                                             \u2502\n\u2502 C:\\Users\\aksha\\Desktop\\CivicTrace-Akshat\\apps\\api\\app\\services\\incident_ser \u2502\n\u2502 vice.py:85 in process_incident_workflow                                     \u2502\n\u2502                                                                             \u2502\n\u2502    82 \u2502   \u2502   2. Priority Computation                                       \u2502\n\u2502    83 \u2502   \u2502   3. SLA Clock Start                                            \u2502\n\u2502    84 \u2502   \u2502   """                                                           \u2502\n\u2502 >  85 \u2502   \u2502   from app.services.priority_service import PriorityService     \u2502\n\u2502    86 \u2502   \u2502   from app.services.sla_service import AccountabilityService    \u2502\n\u2502    87 \u2502   \u2502                                                                 \u2502\n\u2502    88 \u2502   \u2502   # 1. GIS assignment                                           \u2502\n\u2502                                                                             \u2502\n\u2502 \u250c\u2500\u2500\u2500\u2500\u2500\u2500\u2500\u2500\u2500\u2500\u2500\u2500\u2500\u2500\u2500\u2500\u2500\u2500\u2500\u2500\u2500\u2500\u2500\u2500\u2500\u2500\u2500\u2500\u2500\u2500\u2500\u2500 locals \u2500\u2500\u2500\u2500\u2500\u2500\u2500\u2500\u2500\u2500\u2500\u2500\u2500\u2500\u2500\u2500\u2500\u2500\u2500\u2500\u2500\u2500\u2500\u2500\u2500\u2500\u2500\u2500\u2500\u2500\u2500\u2500\u2500\u2510 \u2502\n\u2502 \u2502 incident_id = UUID('a3bfc7f3-356a-440d-8c32-872600d65770')              \u2502 \u2502\n\u2502 \u2502        self = <app.services.incident_service.IncidentService object at  \u2502 \u2502\n\u2502 \u2502               0x000002736E60C1A0>                                       \u2502 \u2502\n\u2502 \u2514\u2500\u2500\u2500\u2500\u2500\u2500\u2500\u2500\u2500\u2500\u2500\u2500\u2500\u2500\u2500\u2500\u2500\u2500\u2500\u2500\u2500\u2500\u2500\u2500\u2500\u2500\u2500\u2500\u2500\u2500\u2500\u2500\u2500\u2500\u2500\u2500\u2500\u2500\u2500\u2500\u2500\u2500\u2500\u2500\u2500\u2500\u2500\u2500\u2500\u2500\u2500\u2500\u2500\u2500\u2500\u2500\u2500\u2500\u2500\u2500\u2500\u2500\u2500\u2500\u2500\u2500\u2500\u2500\u2500\u2500\u2500\u2500\u2500\u2518 \u2502\n\u2514\u2500\u2500\u2500\u2500\u2500\u2500\u2500\u2500\u2500\u2500\u2500\u2500\u2500\u2500\u2500\u2500\u2500\u2500\u2500\u2500\u2500\u2500\u2500\u2500\u2500\u2500\u2500\u2500\u2500\u2500\u2500\u2500\u2500\u2500\u2500\u2500\u2500\u2500\u2500\u2500\u2500\u2500\u2500\u2500\u2500\u2500\u2500\u2500\u2500\u2500\u2500\u2500\u2500\u2500\u2500\u2500\u2500\u2500\u2500\u2500\u2500\u2500\u2500\u2500\u2500\u2500\u2500\u2500\u2500\u2500\u2500\u2500\u2500\u2500\u2500\u2500\u2500\u2518\nModuleNotFoundError: No module named 'app.services.priority_service'\n
============================== warnings summary ===============================
..\..\AppData\Local\Programs\Python\Python314\Lib\site-packages\google\genai\types.py:43
  C:\Users\aksha\AppData\Local\Programs\Python\Python314\Lib\site-packages\google\genai\types.py:43: DeprecationWarning: '_UnionGenericAlias' is deprecated and slated for removal in Python 3.17
    VersionedUnionType = Union[builtin_types.UnionType, _UnionGenericAlias]

apps\api\app\schemas\user.py:21
  C:\Users\aksha\Desktop\CivicTrace-Akshat\apps\api\app\schemas\user.py:21: PydanticDeprecatedSince20: Pydantic V1 style `@validator` validators are deprecated. You should migrate to Pydantic V2 style `@field_validator` validators, see the migration guide for more details. Deprecated in Pydantic V2.0 to be removed in V3.0. See Pydantic V2 Migration Guide at https://errors.pydantic.dev/2.12/migration/
    @validator('email')

apps\api\app\schemas\user.py:25
  C:\Users\aksha\Desktop\CivicTrace-Akshat\apps\api\app\schemas\user.py:25: PydanticDeprecatedSince20: Support for class-based `config` is deprecated, use ConfigDict instead. Deprecated in Pydantic V2.0 to be removed in V3.0. See Pydantic V2 Migration Guide at https://errors.pydantic.dev/2.12/migration/
    class UserResponse(BaseModel):

-- Docs: https://docs.pytest.org/en/stable/how-to/capture-warnings.html
=========================== short test summary info ===========================
ERROR apps\api\tests\test_evidence_upload.py::test_successful_evidence_upload
======================== 3 warnings, 1 error in 1.53s =========================
